Archive member included to satisfy reference by file (symbol)

D:/DATN/RealTimeMonitoring/GUI_Python/SerialCommunicator/Tool/ArmGnuToolchain/bin/../lib/gcc/arm-none-eabi/14.2.1/thumb/v7e-m+fp/hard\libc_nano.a(libc_a-exit.o)
                              D:/DATN/RealTimeMonitoring/GUI_Python/SerialCommunicator/Tool/ArmGnuToolchain/bin/../lib/gcc/arm-none-eabi/14.2.1/thumb/v7e-m+fp/hard/crt0.o (exit)
D:/DATN/RealTimeMonitoring/GUI_Python/SerialCommunicator/Tool/ArmGnuToolchain/bin/../lib/gcc/arm-none-eabi/14.2.1/thumb/v7e-m+fp/hard\libc_nano.a(libc_a-findfp.o)
                              D:/DATN/RealTimeMonitoring/GUI_Python/SerialCommunicator/Tool/ArmGnuToolchain/bin/../lib/gcc/arm-none-eabi/14.2.1/thumb/v7e-m+fp/hard\libc_nano.a(libc_a-exit.o) (__stdio_exit_handler)
D:/DATN/RealTimeMonitoring/GUI_Python/SerialCommunicator/Tool/ArmGnuToolchain/bin/../lib/gcc/arm-none-eabi/14.2.1/thumb/v7e-m+fp/hard\libc_nano.a(libc_a-fwalk.o)
                              D:/DATN/RealTimeMonitoring/GUI_Python/SerialCommunicator/Tool/ArmGnuToolchain/bin/../lib/gcc/arm-none-eabi/14.2.1/thumb/v7e-m+fp/hard\libc_nano.a(libc_a-findfp.o) (_fwalk_sglue)
D:/DATN/RealTimeMonitoring/GUI_Python/SerialCommunicator/Tool/ArmGnuToolchain/bin/../lib/gcc/arm-none-eabi/14.2.1/thumb/v7e-m+fp/hard\libc_nano.a(libc_a-stdio.o)
                              D:/DATN/RealTimeMonitoring/GUI_Python/SerialCommunicator/Tool/ArmGnuToolchain/bin/../lib/gcc/arm-none-eabi/14.2.1/thumb/v7e-m+fp/hard\libc_nano.a(libc_a-findfp.o) (__sread)
D:/DATN/RealTimeMonitoring/GUI_Python/SerialCommunicator/Tool/ArmGnuToolchain/bin/../lib/gcc/arm-none-eabi/14.2.1/thumb/v7e-m+fp/hard\libc_nano.a(libc_a-memset.o)
                              D:/DATN/RealTimeMonitoring/GUI_Python/SerialCommunicator/Tool/ArmGnuToolchain/bin/../lib/gcc/arm-none-eabi/14.2.1/thumb/v7e-m+fp/hard/crt0.o (memset)
D:/DATN/RealTimeMonitoring/GUI_Python/SerialCommunicator/Tool/ArmGnuToolchain/bin/../lib/gcc/arm-none-eabi/14.2.1/thumb/v7e-m+fp/hard\libc_nano.a(libc_a-closer.o)
                              D:/DATN/RealTimeMonitoring/GUI_Python/SerialCommunicator/Tool/ArmGnuToolchain/bin/../lib/gcc/arm-none-eabi/14.2.1/thumb/v7e-m+fp/hard\libc_nano.a(libc_a-stdio.o) (_close_r)
D:/DATN/RealTimeMonitoring/GUI_Python/SerialCommunicator/Tool/ArmGnuToolchain/bin/../lib/gcc/arm-none-eabi/14.2.1/thumb/v7e-m+fp/hard\libc_nano.a(libc_a-reent.o)
                              D:/DATN/RealTimeMonitoring/GUI_Python/SerialCommunicator/Tool/ArmGnuToolchain/bin/../lib/gcc/arm-none-eabi/14.2.1/thumb/v7e-m+fp/hard\libc_nano.a(libc_a-closer.o) (errno)
D:/DATN/RealTimeMonitoring/GUI_Python/SerialCommunicator/Tool/ArmGnuToolchain/bin/../lib/gcc/arm-none-eabi/14.2.1/thumb/v7e-m+fp/hard\libc_nano.a(libc_a-impure.o)
                              D:/DATN/RealTimeMonitoring/GUI_Python/SerialCommunicator/Tool/ArmGnuToolchain/bin/../lib/gcc/arm-none-eabi/14.2.1/thumb/v7e-m+fp/hard\libc_nano.a(libc_a-reent.o) (_impure_ptr)
D:/DATN/RealTimeMonitoring/GUI_Python/SerialCommunicator/Tool/ArmGnuToolchain/bin/../lib/gcc/arm-none-eabi/14.2.1/thumb/v7e-m+fp/hard\libc_nano.a(libc_a-lseekr.o)
                              D:/DATN/RealTimeMonitoring/GUI_Python/SerialCommunicator/Tool/ArmGnuToolchain/bin/../lib/gcc/arm-none-eabi/14.2.1/thumb/v7e-m+fp/hard\libc_nano.a(libc_a-stdio.o) (_lseek_r)
D:/DATN/RealTimeMonitoring/GUI_Python/SerialCommunicator/Tool/ArmGnuToolchain/bin/../lib/gcc/arm-none-eabi/14.2.1/thumb/v7e-m+fp/hard\libc_nano.a(libc_a-readr.o)
                              D:/DATN/RealTimeMonitoring/GUI_Python/SerialCommunicator/Tool/ArmGnuToolchain/bin/../lib/gcc/arm-none-eabi/14.2.1/thumb/v7e-m+fp/hard\libc_nano.a(libc_a-stdio.o) (_read_r)
D:/DATN/RealTimeMonitoring/GUI_Python/SerialCommunicator/Tool/ArmGnuToolchain/bin/../lib/gcc/arm-none-eabi/14.2.1/thumb/v7e-m+fp/hard\libc_nano.a(libc_a-writer.o)
                              D:/DATN/RealTimeMonitoring/GUI_Python/SerialCommunicator/Tool/ArmGnuToolchain/bin/../lib/gcc/arm-none-eabi/14.2.1/thumb/v7e-m+fp/hard\libc_nano.a(libc_a-stdio.o) (_write_r)
D:/DATN/RealTimeMonitoring/GUI_Python/SerialCommunicator/Tool/ArmGnuToolchain/bin/../lib/gcc/arm-none-eabi/14.2.1/thumb/v7e-m+fp/hard\libc_nano.a(libc_a-errno.o)
                              build/sysmem.o (__errno)
D:/DATN/RealTimeMonitoring/GUI_Python/SerialCommunicator/Tool/ArmGnuToolchain/bin/../lib/gcc/arm-none-eabi/14.2.1/thumb/v7e-m+fp/hard\libc_nano.a(libc_a-init.o)
                              D:/DATN/RealTimeMonitoring/GUI_Python/SerialCommunicator/Tool/ArmGnuToolchain/bin/../lib/gcc/arm-none-eabi/14.2.1/thumb/v7e-m+fp/hard/crt0.o (__libc_init_array)
D:/DATN/RealTimeMonitoring/GUI_Python/SerialCommunicator/Tool/ArmGnuToolchain/bin/../lib/gcc/arm-none-eabi/14.2.1/thumb/v7e-m+fp/hard\libc_nano.a(libc_a-lock.o)
[...]
Memory Configuration

Name             Origin             Length             Attributes
RAM              0x20000000         0x00020000         xrw
CCMRAM           0x10000000         0x00010000         xrw
FLASH            0x08000000         0x00100000         xr
*default*        0x00000000         0xffffffff

Linker script and memory map

LOAD D:/DATN/RealTimeMonitoring/GUI_Python/SerialCommunicator/Tool/ArmGnuToolchain/bin/../lib/gcc/arm-none-eabi/14.2.1/thumb/v7e-m+fp/hard/crti.o
LOAD D:/DATN/RealTimeMonitoring/GUI_Python/SerialCommunicator/Tool/ArmGnuToolchain/bin/../lib/gcc/arm-none-eabi/14.2.1/thumb/v7e-m+fp/hard/crtbegin.o
LOAD D:/DATN/RealTimeMonitoring/GUI_Python/SerialCommunicator/Tool/ArmGnuToolchain/bin/../lib/gcc/arm-none-eabi/14.2.1/thumb/v7e-m+fp/hard/crt0.o
LOAD build/main.o
LOAD build/stm32f4xx_it.o
LOAD build/stm32f4xx_hal_msp.o
LOAD build/stm32f4xx_hal_rcc.o
LOAD build/stm32f4xx_hal_rcc_ex.o
LOAD build/stm32f4xx_hal_flash.o
LOAD build/stm32f4xx_hal_flash_ex.o
LOAD build/stm32f4xx_hal_flash_ramfunc.o
LOAD build/stm32f4xx_hal_gpio.o
LOAD build/stm32f4xx_hal_dma_ex.o
LOAD build/stm32f4xx_hal_dma.o
LOAD build/stm32f4xx_hal_pwr.o
LOAD build/stm32f4xx_hal_pwr_ex.o
LOAD build/stm32f4xx_hal_cortex.o
LOAD build/stm32f4xx_hal.o
LOAD build/stm32f4xx_hal_exti.o
LOAD build/stm32f4xx_hal_tim.o
LOAD build/stm32f4xx_hal_tim_ex.o
LOAD build/stm32f4xx_hal_uart.o
LOAD build/system_stm32f4xx.o
LOAD build/sysmem.o
LOAD build/syscalls.o
LOAD build/printf.o
LOAD build/startup_stm32f407xx.o
LOAD D:/DATN/RealTimeMonitoring/GUI_Python/SerialCommunicator/Tool/ArmGnuToolchain/bin/../lib/gcc/arm-none-eabi/14.2.1/thumb/v7e-m+fp/hard\libc_nano.a
LOAD D:/DATN/RealTimeMonitoring/GUI_Python/SerialCommunicator/Tool/ArmGnuToolchain/bin/../lib/gcc/arm-none-eabi/14.2.1/thumb/v7e-m+fp/hard\libm.a
LOAD D:/DATN/RealTimeMonitoring/GUI_Python/SerialCommunicator/Tool/ArmGnuToolchain/bin/../lib/gcc/arm-none-eabi/14.2.1/thumb/v7e-m+fp/hard\libnosys.a
LOAD Middlewares/ST/ARM/DSP/Lib/libarm_cortexM4lf_math.a
START GROUP
LOAD D:/DATN/RealTimeMonitoring/GUI_Python/SerialCommunicator/Tool/ArmGnuToolchain/bin/../lib/gcc/arm-none-eabi/14.2.1/thumb/v7e-m+fp/hard\libgcc.a
LOAD D:/DATN/RealTimeMonitoring/GUI_Python/SerialCommunicator/Tool/ArmGnuToolchain/bin/../lib/gcc/arm-none-eabi/14.2.1/thumb/v7e-m+fp/hard\libc_nano.a
END GROUP
START GROUP
LOAD D:/DATN/RealTimeMonitoring/GUI_Python/SerialCommunicator/Tool/ArmGnuToolchain/bin/../lib/gcc/arm-none-eabi/14.2.1/thumb/v7e-m+fp/hard\libgcc.a
LOAD D:/DATN/RealTimeMonitoring/GUI_Python/SerialCommunicator/Tool/ArmGnuToolchain/bin/../lib/gcc/arm-none-eabi/14.2.1/thumb/v7e-m+fp/hard\libc_nano.a
END GROUP
LOAD D:/DATN/RealTimeMonitoring/GUI_Python/SerialCommunicator/Tool/ArmGnuToolchain/bin/../lib/gcc/arm-none-eabi/14.2.1/thumb/v7e-m+fp/hard/crtend.o
LOAD D:/DATN/RealTimeMonitoring/GUI_Python/SerialCommunicator/Tool/ArmGnuToolchain/bin/../lib/gcc/arm-none-eabi/14.2.1/thumb/v7e-m+fp/hard/crtn.o
                0x20020000                        _estack = (ORIGIN (RAM) + LENGTH (RAM))
                0x00000200                        _Min_Heap_Size = 0x200
                0x00000400                        _Min_Stack_Size = 0x400

.isr_vector     0x08000000      0x188
                0x08000000                        . = ALIGN (0x4)
 *(.isr_vector)
 .isr_vector    0x08000000      0x188 build/startup_stm32f407xx.o
                0x08000000                g_pfnVectors
                0x08000188                        . = ALIGN (0x4)

.text           0x08000188     0x3cf8
                0x08000188                        . = ALIGN (0x4)
 *(.text)
 .text          0x08000188       0x10 D:/DATN/RealTimeMonitoring/GUI_Python/SerialCommunicator/Tool/ArmGnuToolchain/bin/../lib/gcc/arm-none-eabi/14.2.1/thumb/v7e-m+fp/hard\libc_nano.a(libc_a-strlen.o)
                0x08000188                strlen
 .text          0x08000198      0x378 D:/DATN/RealTimeMonitoring/GUI_Python/SerialCommunicator/Tool/ArmGnuToolchain/bin/../lib/gcc/arm-none-eabi/14.2.1/thumb/v7e-m+fp/hard\libgcc.a(_arm_addsubdf3.o)
                0x08000198                __aeabi_drsub
                0x080001a0                __aeabi_dsub
                0x080001a0                __subdf3
                0x080001a4                __aeabi_dadd
                0x080001a4                __adddf3
                0x0800041c                __floatunsidf
                0x0800041c                __aeabi_ui2d
                0x0800043c                __floatsidf
                0x0800043c                __aeabi_i2d
                0x08000460                __aeabi_f2d
                0x08000460                __extendsfdf2
                0x080004a4                __floatundidf
                0x080004a4                __aeabi_ul2d
                0x080004b4                __floatdidf
                0x080004b4                __aeabi_l2d
 .text          0x08000510      0x424 D:/DATN/RealTimeMonitoring/GUI_Python/SerialCommunicator/Tool/ArmGnuToolchain/bin/../lib/gcc/arm-none-eabi/14.2.1/thumb/v7e-m+fp/hard\libgcc.a(_arm_muldivdf3.o)
                0x08000510                __aeabi_dmul
                0x08000510                __muldf3
                0x08000764                __divdf3
                0x08000764                __aeabi_ddiv
 .text          0x08000934      0x110 D:/DATN/RealTimeMonitoring/GUI_Python/SerialCommunicator/Tool/ArmGnuToolchain/bin/../lib/gcc/arm-none-eabi/14.2.1/thumb/v7e-m+fp/hard\libgcc.a(_arm_cmpdf2.o)
                0x08000934                __gtdf2
                0x08000934                __gedf2
                0x0800093c                __ltdf2
                0x0800093c                __ledf2
                0x08000944                __nedf2
                0x08000944                __eqdf2
                0x08000944                __cmpdf2
                0x080009c0                __aeabi_cdrcmple
                0x080009d0                __aeabi_cdcmpeq
                0x080009d0                __aeabi_cdcmple
                0x080009e0                __aeabi_dcmpeq
                0x080009f4                __aeabi_dcmplt
                0x08000a08                __aeabi_dcmple
                0x08000a1c                __aeabi_dcmpge
                0x08000a30                __aeabi_dcmpgt
 .text          0x08000a44       0x50 D:/DATN/RealTimeMonitoring/GUI_Python/SerialCommunicator/Tool/ArmGnuToolchain/bin/../lib/gcc/arm-none-eabi/14.2.1/thumb/v7e-m+fp/hard\libgcc.a(_arm_fixdfsi.o)
                0x08000a44                __aeabi_d2iz
                0x08000a44                __fixdfsi
 .text          0x08000a94       0x40 D:/DATN/RealTimeMonitoring/GUI_Python/SerialCommunicator/Tool/ArmGnuToolchain/bin/../lib/gcc/arm-none-eabi/14.2.1/thumb/v7e-m+fp/hard\libgcc.a(_arm_fixunsdfsi.o)
                0x08000a94                __aeabi_d2uiz
                0x08000a94                __fixunsdfsi
 .text          0x08000ad4       0xa0 D:/DATN/RealTimeMonitoring/GUI_Python/SerialCommunicator/Tool/ArmGnuToolchain/bin/../lib/gcc/arm-none-eabi/14.2.1/thumb/v7e-m+fp/hard\libgcc.a(_arm_truncdfsf2.o)
                0x08000ad4                __truncdfsf2
                0x08000ad4                __aeabi_d2f
 .text          0x08000b74       0x30 D:/DATN/RealTimeMonitoring/GUI_Python/SerialCommunicator/Tool/ArmGnuToolchain/bin/../lib/gcc/arm-none-eabi/14.2.1/thumb/v7e-m+fp/hard\libgcc.a(_aeabi_uldivmod.o)
                0x08000b74                __aeabi_uldivmod
 .text          0x08000ba4        0x4 D:/DATN/RealTimeMonitoring/GUI_Python/SerialCommunicator/Tool/ArmGnuToolchain/bin/../lib/gcc/arm-none-eabi/14.2.1/thumb/v7e-m+fp/hard\libgcc.a(_dvmd_tls.o)
                0x08000ba4                __aeabi_idiv0
                0x08000ba4                __aeabi_ldiv0
 *(.text*)
 .text.deregister_tm_clones
                0x08000ba8       0x1c D:/DATN/RealTimeMonitoring/GUI_Python/SerialCommunicator/Tool/ArmGnuToolchain/bin/../lib/gcc/arm-none-eabi/14.2.1/thumb/v7e-m+fp/hard/crtbegin.o
 .text.register_tm_clones
                0x08000bc4       0x24 D:/DATN/RealTimeMonitoring/GUI_Python/SerialCommunicator/Tool/ArmGnuToolchain/bin/../lib/gcc/arm-none-eabi/14.2.1/thumb/v7e-m+fp/hard/crtbegin.o
 .text.__do_global_dtors_aux
                0x08000be8       0x28 D:/DATN/RealTimeMonitoring/GUI_Python/SerialCommunicator/Tool/ArmGnuToolchain/bin/../lib/gcc/arm-none-eabi/14.2.1/thumb/v7e-m+fp/hard/crtbegin.o
 .text.frame_dummy
                0x08000c10       0x24 D:/DATN/RealTimeMonitoring/GUI_Python/SerialCommunicator/Tool/ArmGnuToolchain/bin/../lib/gcc/arm-none-eabi/14.2.1/thumb/v7e-m+fp/hard/crtbegin.o
 .text.MX_GPIO_Init
                0x08000c34       0x4c build/main.o
 .text.SendBuffer
                0x08000c80       0x18 build/main.o
                0x08000c80                SendBuffer
 .text.setVoltage
                0x08000c98       0x70 build/main.o
                0x08000c98                setVoltage
 .text.StringToFloat
                0x08000d08       0xa8 build/main.o
                0x08000d08                StringToFloat
 .text.HAL_UART_RxCpltCallback
                0x08000db0       0x70 build/main.o
                0x08000db0                HAL_UART_RxCpltCallback
 .text.HAL_TIM_PeriodElapsedCallback
                0x08000e20       0xe8 build/main.o
                0x08000e20                HAL_TIM_PeriodElapsedCallback
 .text.HAL_UART_TxCpltCallback
                0x08000f08       0x30 build/main.o
                0x08000f08                HAL_UART_TxCpltCallback
 .text.Error_Handler
                0x08000f38        0x4 build/main.o
                0x08000f38                Error_Handler
 .text.MX_TIM6_Init
                0x08000f3c       0x4c build/main.o
 .text.MX_USART3_UART_Init
                0x08000f88       0x34 build/main.o
 .text.MX_TIM7_Init
                0x08000fbc       0x4c build/main.o
 .text.MX_USART2_UART_Init
                0x08001008       0x34 build/main.o
 .text.SystemClock_Config
                0x0800103c       0xa4 build/main.o
                0x0800103c                SystemClock_Config
 .text.main     0x080010e0       0x64 build/main.o
                0x080010e0                main
 .text.NMI_Handler
                0x08001144        0x2 build/stm32f4xx_it.o
                0x08001144                NMI_Handler
 .text.HardFault_Handler
                0x08001146        0x2 build/stm32f4xx_it.o
                0x08001146                HardFault_Handler
 .text.MemManage_Handler
                0x08001148        0x2 build/stm32f4xx_it.o
                0x08001148                MemManage_Handler
 .text.BusFault_Handler
                0x0800114a        0x2 build/stm32f4xx_it.o
                0x0800114a                BusFault_Handler
 .text.UsageFault_Handler
                0x0800114c        0x2 build/stm32f4xx_it.o
                0x0800114c                UsageFault_Handler
 .text.SVC_Handler
                0x0800114e        0x2 build/stm32f4xx_it.o
                0x0800114e                SVC_Handler
 .text.DebugMon_Handler
                0x08001150        0x2 build/stm32f4xx_it.o
                0x08001150                DebugMon_Handler
 .text.PendSV_Handler
                0x08001152        0x2 build/stm32f4xx_it.o
                0x08001152                PendSV_Handler
 .text.SysTick_Handler
                0x08001154        0x8 build/stm32f4xx_it.o
                0x08001154                SysTick_Handler
 .text.USART2_IRQHandler
                0x0800115c       0x10 build/stm32f4xx_it.o
                0x0800115c                USART2_IRQHandler
 .text.USART3_IRQHandler
                0x0800116c       0x10 build/stm32f4xx_it.o
                0x0800116c                USART3_IRQHandler
 .text.TIM6_DAC_IRQHandler
                0x0800117c       0x10 build/stm32f4xx_it.o
                0x0800117c                TIM6_DAC_IRQHandler
 .text.TIM7_IRQHandler
                0x0800118c       0x10 build/stm32f4xx_it.o
                0x0800118c                TIM7_IRQHandler
 .text.HAL_MspInit
                0x0800119c       0x38 build/stm32f4xx_hal_msp.o
                0x0800119c                HAL_MspInit
 .text.HAL_TIM_Base_MspInit
                0x080011d4       0x74 build/stm32f4xx_hal_msp.o
                0x080011d4                HAL_TIM_Base_MspInit
 .text.HAL_UART_MspInit
                0x08001248       0xe4 build/stm32f4xx_hal_msp.o
                0x08001248                HAL_UART_MspInit
 .text.HAL_RCC_OscConfig
                0x0800132c      0x3f8 build/stm32f4xx_hal_rcc.o
                0x0800132c                HAL_RCC_OscConfig
 .text.HAL_RCC_GetSysClockFreq
                0x08001724       0xdc build/stm32f4xx_hal_rcc.o
                0x08001724                HAL_RCC_GetSysClockFreq
 .text.HAL_RCC_ClockConfig
                0x08001800      0x160 build/stm32f4xx_hal_rcc.o
                0x08001800                HAL_RCC_ClockConfig
 .text.HAL_RCC_GetHCLKFreq
                0x08001960        0xc build/stm32f4xx_hal_rcc.o
                0x08001960                HAL_RCC_GetHCLKFreq
 .text.HAL_RCC_GetPCLK1Freq
                0x0800196c       0x20 build/stm32f4xx_hal_rcc.o
                0x0800196c                HAL_RCC_GetPCLK1Freq
 .text.HAL_RCC_GetPCLK2Freq
                0x0800198c       0x20 build/stm32f4xx_hal_rcc.o
                0x0800198c                HAL_RCC_GetPCLK2Freq
 .text.HAL_GPIO_Init
                0x080019ac      0x1ec build/stm32f4xx_hal_gpio.o
                0x080019ac                HAL_GPIO_Init
 .text.HAL_DMA_Abort
                0x08001b98       0x92 build/stm32f4xx_hal_dma.o
                0x08001b98                HAL_DMA_Abort
 .text.HAL_DMA_Abort_IT
                0x08001c2a       0x24 build/stm32f4xx_hal_dma.o
                0x08001c2a                HAL_DMA_Abort_IT
 *fill*         0x08001c4e        0x2 
 .text.__NVIC_EnableIRQ
                0x08001c50       0x1c build/stm32f4xx_hal_cortex.o
 .text.__NVIC_SetPriority
                0x08001c6c       0x28 build/stm32f4xx_hal_cortex.o
 .text.NVIC_EncodePriority
                0x08001c94       0x3e build/stm32f4xx_hal_cortex.o
 *fill*         0x08001cd2        0x2 
 .text.HAL_NVIC_SetPriorityGrouping
                0x08001cd4       0x24 build/stm32f4xx_hal_cortex.o
                0x08001cd4                HAL_NVIC_SetPriorityGrouping
 .text.HAL_NVIC_SetPriority
                0x08001cf8       0x20 build/stm32f4xx_hal_cortex.o
                0x08001cf8                HAL_NVIC_SetPriority
 .text.HAL_NVIC_EnableIRQ
                0x08001d18        0x8 build/stm32f4xx_hal_cortex.o
                0x08001d18                HAL_NVIC_EnableIRQ
 .text.HAL_SYSTICK_Config
                0x08001d20       0x28 build/stm32f4xx_hal_cortex.o
                0x08001d20                HAL_SYSTICK_Config
 .text.HAL_InitTick
                0x08001d48       0x4c build/stm32f4xx_hal.o
                0x08001d48                HAL_InitTick
 .text.HAL_Init
                0x08001d94       0x34 build/stm32f4xx_hal.o
                0x08001d94                HAL_Init
 .text.HAL_IncTick
                0x08001dc8       0x18 build/stm32f4xx_hal.o
                0x08001dc8                HAL_IncTick
 .text.HAL_GetTick
                0x08001de0        0xc build/stm32f4xx_hal.o
                0x08001de0                HAL_GetTick
 .text.HAL_TIM_Base_Start_IT
                0x08001dec       0x84 build/stm32f4xx_hal_tim.o
                0x08001dec                HAL_TIM_Base_Start_IT
 .text.HAL_TIM_OC_DelayElapsedCallback
                0x08001e70        0x2 build/stm32f4xx_hal_tim.o
                0x08001e70                HAL_TIM_OC_DelayElapsedCallback
 .text.HAL_TIM_IC_CaptureCallback
                0x08001e72        0x2 build/stm32f4xx_hal_tim.o
                0x08001e72                HAL_TIM_IC_CaptureCallback
 .text.HAL_TIM_PWM_PulseFinishedCallback
                0x08001e74        0x2 build/stm32f4xx_hal_tim.o
                0x08001e74                HAL_TIM_PWM_PulseFinishedCallback
 .text.HAL_TIM_TriggerCallback
                0x08001e76        0x2 build/stm32f4xx_hal_tim.o
                0x08001e76                HAL_TIM_TriggerCallback
 .text.HAL_TIM_IRQHandler
                0x08001e78      0x15e build/stm32f4xx_hal_tim.o
                0x08001e78                HAL_TIM_IRQHandler
 *fill*         0x08001fd6        0x2 
 .text.TIM_Base_SetConfig
                0x08001fd8       0xd8 build/stm32f4xx_hal_tim.o
                0x08001fd8                TIM_Base_SetConfig
 .text.HAL_TIM_Base_Init
                0x080020b0       0x58 build/stm32f4xx_hal_tim.o
                0x080020b0                HAL_TIM_Base_Init
 .text.HAL_TIMEx_MasterConfigSynchronization
                0x08002108       0x8c build/stm32f4xx_hal_tim_ex.o
                0x08002108                HAL_TIMEx_MasterConfigSynchronization
 .text.HAL_TIMEx_CommutCallback
                0x08002194        0x2 build/stm32f4xx_hal_tim_ex.o
                0x08002194                HAL_TIMEx_CommutCallback
 .text.HAL_TIMEx_BreakCallback
                0x08002196        0x2 build/stm32f4xx_hal_tim_ex.o
                0x08002196                HAL_TIMEx_BreakCallback
 .text.UART_EndRxTransfer
                0x08002198       0x5c build/stm32f4xx_hal_uart.o
 .text.UART_Transmit_IT
                0x080021f4       0x5e build/stm32f4xx_hal_uart.o
 *fill*         0x08002252        0x2 
 .text.UART_SetConfig
                0x08002254      0x110 build/stm32f4xx_hal_uart.o
 .text.HAL_UART_Init
                0x08002364       0x60 build/stm32f4xx_hal_uart.o
                0x08002364                HAL_UART_Init
 .text.HAL_UART_Transmit_IT
                0x080023c4       0x36 build/stm32f4xx_hal_uart.o
                0x080023c4                HAL_UART_Transmit_IT
 .text.UART_EndTransmit_IT
                0x080023fa       0x1a build/stm32f4xx_hal_uart.o
 .text.HAL_UART_ErrorCallback
                0x08002414        0x2 build/stm32f4xx_hal_uart.o
                0x08002414                HAL_UART_ErrorCallback
 .text.UART_DMAAbortOnError
                0x08002416       0x10 build/stm32f4xx_hal_uart.o
 .text.HAL_UARTEx_RxEventCallback
                0x08002426        0x2 build/stm32f4xx_hal_uart.o
                0x08002426                HAL_UARTEx_RxEventCallback
 .text.UART_Receive_IT
                0x08002428       0xe4 build/stm32f4xx_hal_uart.o
 .text.HAL_UART_IRQHandler
                0x0800250c      0x284 build/stm32f4xx_hal_uart.o
                0x0800250c                HAL_UART_IRQHandler
 .text.UART_Start_Receive_IT
                0x08002790       0x36 build/stm32f4xx_hal_uart.o
                0x08002790                UART_Start_Receive_IT
 .text.HAL_UART_Receive_IT
                0x080027c6       0x24 build/stm32f4xx_hal_uart.o
                0x080027c6                HAL_UART_Receive_IT
 *fill*         0x080027ea        0x2 
 .text.SystemInit
                0x080027ec       0x14 build/system_stm32f4xx.o
                0x080027ec                SystemInit
 .text._out_buffer
                0x08002800        0x8 build/printf.o
 .text._out_null
                0x08002808        0x2 build/printf.o
 .text._atoi    0x0800280a       0x26 build/printf.o
 .text._out_rev
                0x08002830       0x7e build/printf.o
 .text._ntoa_format
                0x080028ae      0x134 build/printf.o
 .text._ntoa_long
                0x080029e2       0x94 build/printf.o
 .text._ntoa_long_long
                0x08002a76       0xc2 build/printf.o
 .text._etoa    0x08002b38      0x3f0 build/printf.o
 .text._ftoa    0x08002f28      0x380 build/printf.o
 .text._vsnprintf
                0x080032a8      0x6d0 build/printf.o
 .text.sprintf_
                0x08003978       0x2c build/printf.o
                0x08003978                sprintf_
 .text.Reset_Handler
                0x080039a4       0x50 build/startup_stm32f407xx.o
                0x080039a4                Reset_Handler
 .text.Default_Handler
                0x080039f4        0x2 build/startup_stm32f407xx.o
                0x080039f4                RTC_Alarm_IRQHandler
                0x080039f4                HASH_RNG_IRQHandler
                0x080039f4                EXTI2_IRQHandler
                0x080039f4                TIM8_CC_IRQHandler
                0x080039f4                TIM1_CC_IRQHandler
                0x080039f4                DMA2_Stream5_IRQHandler
                0x080039f4                DMA1_Stream5_IRQHandler
                0x080039f4                PVD_IRQHandler
                0x080039f4                SDIO_IRQHandler
                0x080039f4                TAMP_STAMP_IRQHandler
                0x080039f4                CAN2_RX1_IRQHandler
                0x080039f4                EXTI3_IRQHandler
                0x080039f4                TIM8_TRG_COM_TIM14_IRQHandler
                0x080039f4                TIM1_UP_TIM10_IRQHandler
                0x080039f4                TIM8_UP_TIM13_IRQHandler
                0x080039f4                I2C3_ER_IRQHandler
                0x080039f4                EXTI0_IRQHandler
                0x080039f4                I2C2_EV_IRQHandler
                0x080039f4                DMA1_Stream2_IRQHandler
                0x080039f4                CAN1_RX0_IRQHandler
                0x080039f4                FPU_IRQHandler
                0x080039f4                OTG_HS_WKUP_IRQHandler
                0x080039f4                CAN2_SCE_IRQHandler
                0x080039f4                DMA2_Stream2_IRQHandler
                0x080039f4                SPI1_IRQHandler
                0x080039f4                TIM1_BRK_TIM9_IRQHandler
                0x080039f4                DCMI_IRQHandler
                0x080039f4                CAN2_RX0_IRQHandler
                0x080039f4                DMA2_Stream3_IRQHandler
                0x080039f4                USART6_IRQHandler
                0x080039f4                CAN1_RX1_IRQHandler
                0x080039f4                UART5_IRQHandler
                0x080039f4                DMA2_Stream0_IRQHandler
                0x080039f4                TIM4_IRQHandler
                0x080039f4                I2C1_EV_IRQHandler
                0x080039f4                DMA1_Stream6_IRQHandler
                0x080039f4                DMA1_Stream1_IRQHandler
                0x080039f4                UART4_IRQHandler
                0x080039f4                TIM3_IRQHandler
                0x080039f4                RCC_IRQHandler
                0x080039f4                TIM8_BRK_TIM12_IRQHandler
                0x080039f4                Default_Handler
                0x080039f4                EXTI15_10_IRQHandler
                0x080039f4                ADC_IRQHandler
                0x080039f4                DMA1_Stream7_IRQHandler
                0x080039f4                CAN2_TX_IRQHandler
                0x080039f4                TIM5_IRQHandler
                0x080039f4                DMA2_Stream7_IRQHandler
                0x080039f4                I2C3_EV_IRQHandler
                0x080039f4                EXTI9_5_IRQHandler
                0x080039f4                RTC_WKUP_IRQHandler
                0x080039f4                ETH_WKUP_IRQHandler
                0x080039f4                SPI2_IRQHandler
                0x080039f4                OTG_HS_EP1_IN_IRQHandler
                0x080039f4                DMA1_Stream0_IRQHandler
                0x080039f4                CAN1_TX_IRQHandler
                0x080039f4                EXTI4_IRQHandler
                0x080039f4                FSMC_IRQHandler
                0x080039f4                ETH_IRQHandler
                0x080039f4                OTG_HS_EP1_OUT_IRQHandler
                0x080039f4                WWDG_IRQHandler
                0x080039f4                TIM2_IRQHandler
                0x080039f4                OTG_FS_WKUP_IRQHandler
                0x080039f4                TIM1_TRG_COM_TIM11_IRQHandler
                0x080039f4                OTG_HS_IRQHandler
                0x080039f4                EXTI1_IRQHandler
                0x080039f4                I2C2_ER_IRQHandler
                0x080039f4                DMA2_Stream1_IRQHandler
                0x080039f4                CAN1_SCE_IRQHandler
                0x080039f4                FLASH_IRQHandler
                0x080039f4                DMA2_Stream4_IRQHandler
                0x080039f4                USART1_IRQHandler
                0x080039f4                OTG_FS_IRQHandler
                0x080039f4                SPI3_IRQHandler
                0x080039f4                DMA1_Stream4_IRQHandler
                0x080039f4                I2C1_ER_IRQHandler
                0x080039f4                DMA2_Stream6_IRQHandler
                0x080039f4                DMA1_Stream3_IRQHandler
 .text.memset   0x080039f6       0x10 D:/DATN/RealTimeMonitoring/GUI_Python/SerialCommunicator/Tool/ArmGnuToolchain/bin/../lib/gcc/arm-none-eabi/14.2.1/thumb/v7e-m+fp/hard\libc_nano.a(libc_a-memset.o)
                0x080039f6                memset
 *fill*         0x08003a06        0x2 
 .text.__libc_init_array
                0x08003a08       0x48 D:/DATN/RealTimeMonitoring/GUI_Python/SerialCommunicator/Tool/ArmGnuToolchain/bin/../lib/gcc/arm-none-eabi/14.2.1/thumb/v7e-m+fp/hard\libc_nano.a(libc_a-init.o)
                0x08003a08                __libc_init_array
 .text.arm_sin_f32
                0x08003a50       0x8c Middlewares/ST/ARM/DSP/Lib/libarm_cortexM4lf_math.a(arm_sin_f32.o)
                0x08003a50                arm_sin_f32
 .text.arm_cos_f32
                0x08003adc       0x94 Middlewares/ST/ARM/DSP/Lib/libarm_cortexM4lf_math.a(arm_cos_f32.o)
                0x08003adc                arm_cos_f32
 .text.__udivmoddi4
                0x08003b70      0x2f8 D:/DATN/RealTimeMonitoring/GUI_Python/SerialCommunicator/Tool/ArmGnuToolchain/bin/../lib/gcc/arm-none-eabi/14.2.1/thumb/v7e-m+fp/hard\libgcc.a(_udivmoddi4.o)
                0x08003b70                __udivmoddi4
 *(.glue_7)
 .glue_7        0x08003e68        0x0 linker stubs
 *(.glue_7t)
 .glue_7t       0x08003e68        0x0 linker stubs
 *(.eh_frame)
 .eh_frame      0x08003e68        0x0 D:/DATN/RealTimeMonitoring/GUI_Python/SerialCommunicator/Tool/ArmGnuToolchain/bin/../lib/gcc/arm-none-eabi/14.2.1/thumb/v7e-m+fp/hard/crtbegin.o
 *(.init)
 .init          0x08003e68        0x4 D:/DATN/RealTimeMonitoring/GUI_Python/SerialCommunicator/Tool/ArmGnuToolchain/bin/../lib/gcc/arm-none-eabi/14.2.1/thumb/v7e-m+fp/hard/crti.o
                0x08003e68                _init
 .init          0x08003e6c        0x8 D:/DATN/RealTimeMonitoring/GUI_Python/SerialCommunicator/Tool/ArmGnuToolchain/bin/../lib/gcc/arm-none-eabi/14.2.1/thumb/v7e-m+fp/hard/crtn.o
 *(.fini)
 .fini          0x08003e74        0x4 D:/DATN/RealTimeMonitoring/GUI_Python/SerialCommunicator/Tool/ArmGnuToolchain/bin/../lib/gcc/arm-none-eabi/14.2.1/thumb/v7e-m+fp/hard/crti.o
                0x08003e74                _fini
 .fini          0x08003e78        0x8 D:/DATN/RealTimeMonitoring/GUI_Python/SerialCommunicator/Tool/ArmGnuToolchain/bin/../lib/gcc/arm-none-eabi/14.2.1/thumb/v7e-m+fp/hard/crtn.o
                0x08003e80                        . = ALIGN (0x4)
                0x08003e80                        _etext = .

.vfp11_veneer   0x08003e80        0x0
 .vfp11_veneer  0x08003e80        0x0 linker stubs

.v4_bx          0x08003e80        0x0
 .v4_bx         0x08003e80        0x0 linker stubs

.iplt           0x08003e80        0x0
 .iplt          0x08003e80        0x0 D:/DATN/RealTimeMonitoring/GUI_Python/SerialCommunicator/Tool/ArmGnuToolchain/bin/../lib/gcc/arm-none-eabi/14.2.1/thumb/v7e-m+fp/hard/crtbegin.o

.rodata         0x08003e80      0x8a4
                0x08003e80                        . = ALIGN (0x4)
 *(.rodata)
 *(.rodata*)
 .rodata.setVoltage.str1.4
                0x08003e80       0x31 build/main.o
                                  0xa (size before relaxing)
 .rodata.HAL_TIM_PeriodElapsedCallback.str1.4
                0x08003eb1        0xe build/main.o
 *fill*         0x08003eb1        0x3 
 .rodata.APBPrescTable
                0x08003eb4        0x8 build/system_stm32f4xx.o
                0x08003eb4                APBPrescTable
 .rodata.AHBPrescTable
                0x08003ebc       0x10 build/system_stm32f4xx.o
                0x08003ebc                AHBPrescTable
 .rodata._ftoa.str1.4
                0x08003ecc       0x15 build/printf.o
 *fill*         0x08003ecc        0x4 
 .rodata.pow10.0
                0x08003ed0       0x50 build/printf.o
 .rodata.sinTable_f32
                0x08003f20      0x804 Middlewares/ST/ARM/DSP/Lib/libarm_cortexM4lf_math.a(arm_common_tables.o)
                0x08003f20                sinTable_f32
                0x08004724                        . = ALIGN (0x4)

.ARM.extab
 *(.ARM.extab* .gnu.linkonce.armextab.*)

.ARM            0x08004724        0x8
                0x08004724                        __exidx_start = .
 *(.ARM.exidx*)
 .ARM.exidx     0x08004724        0x8 D:/DATN/RealTimeMonitoring/GUI_Python/SerialCommunicator/Tool/ArmGnuToolchain/bin/../lib/gcc/arm-none-eabi/14.2.1/thumb/v7e-m+fp/hard\libc_nano.a(libc_a-strlen.o)
 .ARM.exidx.text.__udivmoddi4
                0x0800472c        0x0 D:/DATN/RealTimeMonitoring/GUI_Python/SerialCommunicator/Tool/ArmGnuToolchain/bin/../lib/gcc/arm-none-eabi/14.2.1/thumb/v7e-m+fp/hard\libgcc.a(_udivmoddi4.o)
                                  0x8 (size before relaxing)
                0x0800472c                        __exidx_end = .

.rel.dyn        0x0800472c        0x0
 .rel.iplt      0x0800472c        0x0 D:/DATN/RealTimeMonitoring/GUI_Python/SerialCommunicator/Tool/ArmGnuToolchain/bin/../lib/gcc/arm-none-eabi/14.2.1/thumb/v7e-m+fp/hard/crtbegin.o

.preinit_array  0x0800472c        0x0
                0x0800472c                        PROVIDE (__preinit_array_start = .)
 *(.preinit_array*)
                0x0800472c                        PROVIDE (__preinit_array_end = .)

.init_array     0x0800472c        0x4
                0x0800472c                        PROVIDE (__init_array_start = .)
 *(SORT_BY_NAME(.init_array.*))
 *(.init_array*)
 .init_array    0x0800472c        0x4 D:/DATN/RealTimeMonitoring/GUI_Python/SerialCommunicator/Tool/ArmGnuToolchain/bin/../lib/gcc/arm-none-eabi/14.2.1/thumb/v7e-m+fp/hard/crtbegin.o
                0x08004730                        PROVIDE (__init_array_end = .)

.fini_array     0x08004730        0x4
                [!provide]                        PROVIDE (__fini_array_start = .)
 *(SORT_BY_NAME(.fini_array.*))
 *(.fini_array*)
 .fini_array    0x08004730        0x4 D:/DATN/RealTimeMonitoring/GUI_Python/SerialCommunicator/Tool/ArmGnuToolchain/bin/../lib/gcc/arm-none-eabi/14.2.1/thumb/v7e-m+fp/hard/crtbegin.o
                [!provide]                        PROVIDE (__fini_array_end = .)
                0x08004734                        _sidata = LOADADDR (.data)

.data           0x20000000       0x10 load address 0x08004734
                0x20000000                        . = ALIGN (0x4)
                0x20000000                        _sdata = .
 *(.data)
 *(.data*)
 .data.omega    0x20000000        0x4 build/main.o
                0x20000000                omega
 .data.uwTickFreq
                0x20000004        0x1 build/stm32f4xx_hal.o
                0x20000004                uwTickFreq
 *fill*         0x20000005        0x3 
 .data.uwTickPrio
                0x20000008        0x4 build/stm32f4xx_hal.o
                0x20000008                uwTickPrio
 .data.SystemCoreClock
                0x2000000c        0x4 build/system_stm32f4xx.o
                0x2000000c                SystemCoreClock
                0x20000010                        . = ALIGN (0x4)
                0x20000010                        _edata = .
                0x08004744                        _siccmram = LOADADDR (.ccmram)

.tm_clone_table
                0x20000010        0x0 load address 0x08004744
 .tm_clone_table
                0x20000010        0x0 D:/DATN/RealTimeMonitoring/GUI_Python/SerialCommunicator/Tool/ArmGnuToolchain/bin/../lib/gcc/arm-none-eabi/14.2.1/thumb/v7e-m+fp/hard/crtbegin.o
 .tm_clone_table
                0x20000010        0x0 D:/DATN/RealTimeMonitoring/GUI_Python/SerialCommunicator/Tool/ArmGnuToolchain/bin/../lib/gcc/arm-none-eabi/14.2.1/thumb/v7e-m+fp/hard/crtend.o

.igot.plt       0x20000010        0x0 load address 0x08004744
 .igot.plt      0x20000010        0x0 D:/DATN/RealTimeMonitoring/GUI_Python/SerialCommunicator/Tool/ArmGnuToolchain/bin/../lib/gcc/arm-none-eabi/14.2.1/thumb/v7e-m+fp/hard/crtbegin.o

.ccmram         0x10000000        0x0 load address 0x08004744
                0x10000000                        . = ALIGN (0x4)
                0x10000000                        _sccmram = .
 *(.ccmram)
 *(.ccmram*)
                0x10000000                        . = ALIGN (0x4)
                0x10000000                        _eccmram = .
                0x10000000                        . = ALIGN (0x4)

.bss            0x20000010      0x188
                0x20000010                        _sbss = .
                0x20000010                        __bss_start__ = _sbss
 *(.bss)
 *(.bss*)
 .bss.completed.1
                0x20000010        0x1 D:/DATN/RealTimeMonitoring/GUI_Python/SerialCommunicator/Tool/ArmGnuToolchain/bin/../lib/gcc/arm-none-eabi/14.2.1/thumb/v7e-m+fp/hard/crtbegin.o
 *fill*         0x20000011        0x3 
 .bss.object.0  0x20000014       0x18 D:/DATN/RealTimeMonitoring/GUI_Python/SerialCommunicator/Tool/ArmGnuToolchain/bin/../lib/gcc/arm-none-eabi/14.2.1/thumb/v7e-m+fp/hard/crtbegin.o
 .bss.voltage   0x2000002c        0x4 build/main.o
                0x2000002c                voltage
 .bss.rxIndex   0x20000030        0x1 build/main.o
                0x20000030                rxIndex
 *fill*         0x20000031        0x3 
 .bss.rxBuffer  0x20000034        0xa build/main.o
                0x20000034                rxBuffer
 .bss.waitTx3   0x2000003e        0x1 build/main.o
                0x2000003e                waitTx3
 .bss.waitTx2   0x2000003f        0x1 build/main.o
                0x2000003f                waitTx2
 .bss.buffer2   0x20000040        0xa build/main.o
                0x20000040                buffer2
 *fill*         0x2000004a        0x2 
 .bss.buffer3   0x2000004c       0x19 build/main.o
                0x2000004c                buffer3
 *fill*         0x20000065        0x3 
 .bss.globalTick
                0x20000068        0x4 build/main.o
                0x20000068                globalTick
 .bss.cosValue  0x2000006c        0x4 build/main.o
                0x2000006c                cosValue
 .bss.sinValue  0x20000070        0x4 build/main.o
                0x20000070                sinValue
 .bss.huart3    0x20000074       0x48 build/main.o
                0x20000074                huart3
 .bss.huart2    0x200000bc       0x48 build/main.o
                0x200000bc                huart2
 .bss.htim7     0x20000104       0x48 build/main.o
                0x20000104                htim7
 .bss.htim6     0x2000014c       0x48 build/main.o
                0x2000014c                htim6
 .bss.uwTick    0x20000194        0x4 build/stm32f4xx_hal.o
                0x20000194                uwTick
 *(COMMON)
                0x20000198                        . = ALIGN (0x4)
                0x20000198                        _ebss = .
                0x20000198                        __bss_end__ = _ebss

._user_heap_stack
                0x20000198      0x600
                0x20000198                        . = ALIGN (0x8)
                [!provide]                        PROVIDE (end = .)
                0x20000198                        PROVIDE (_end = .)
                0x20000398                        . = (. + _Min_Heap_Size)
 *fill*         0x20000198      0x200 
                0x20000798                        . = (. + _Min_Stack_Size)
 *fill*         0x20000398      0x400 
                0x20000798                        . = ALIGN (0x8)

/DISCARD/
 libc.a(*)
 libm.a(*)
 libgcc.a(*)
OUTPUT(build/SerialCommunicator.elf elf32-littlearm)
LOAD linker stubs
LOAD D:/DATN/RealTimeMonitoring/GUI_Python/SerialCommunicator/Tool/ArmGnuToolchain/bin/../lib/gcc/arm-none-eabi/14.2.1/thumb/v7e-m+fp/hard\libc.a
LOAD D:/DATN/RealTimeMonitoring/GUI_Python/SerialCommunicator/Tool/ArmGnuToolchain/bin/../lib/gcc/arm-none-eabi/14.2.1/thumb/v7e-m+fp/hard\libm.a
LOAD D:/DATN/RealTimeMonitoring/GUI_Python/SerialCommunicator/Tool/ArmGnuToolchain/bin/../lib/gcc/arm-none-eabi/14.2.1/thumb/v7e-m+fp/hard\libgcc.a

.ARM.attributes
                0x00000000       0x30
 .ARM.attributes
                0x00000000       0x22 D:/DATN/RealTimeMonitoring/GUI_Python/SerialCommunicator/Tool/ArmGnuToolchain/bin/../lib/gcc/arm-none-eabi/14.2.1/thumb/v7e-m+fp/hard/crti.o
 .ARM.attributes
                0x00000022       0x34 D:/DATN/RealTimeMonitoring/GUI_Python/SerialCommunicator/Tool/ArmGnuToolchain/bin/../lib/gcc/arm-none-eabi/14.2.1/thumb/v7e-m+fp/hard/crtbegin.o
 .ARM.attributes
                0x00000056       0x34 build/main.o
 .ARM.attributes
                0x0000008a       0x34 build/stm32f4xx_it.o
 .ARM.attributes
                0x000000be       0x34 build/stm32f4xx_hal_msp.o
 .ARM.attributes
                0x000000f2       0x34 build/stm32f4xx_hal_rcc.o
 .ARM.attributes
                0x00000126       0x34 build/stm32f4xx_hal_gpio.o
 .ARM.attributes
                0x0000015a       0x34 build/stm32f4xx_hal_dma.o
 .ARM.attributes
                0x0000018e       0x34 build/stm32f4xx_hal_cortex.o
 .ARM.attributes
                0x000001c2       0x34 build/stm32f4xx_hal.o
 .ARM.attributes
                0x000001f6       0x34 build/stm32f4xx_hal_tim.o
 .ARM.attributes
                0x0000022a       0x34 build/stm32f4xx_hal_tim_ex.o
 .ARM.attributes
                0x0000025e       0x34 build/stm32f4xx_hal_uart.o
 .ARM.attributes
                0x00000292       0x34 build/system_stm32f4xx.o
 .ARM.attributes
                0x000002c6       0x34 build/printf.o
 .ARM.attributes
                0x000002fa       0x21 build/startup_stm32f407xx.o
 .ARM.attributes
                0x0000031b       0x34 D:/DATN/RealTimeMonitoring/GUI_Python/SerialCommunicator/Tool/ArmGnuToolchain/bin/../lib/gcc/arm-none-eabi/14.2.1/thumb/v7e-m+fp/hard\libc_nano.a(libc_a-memset.o)
 .ARM.attributes
                0x0000034f       0x34 D:/DATN/RealTimeMonitoring/GUI_Python/SerialCommunicator/Tool/ArmGnuToolchain/bin/../lib/gcc/arm-none-eabi/14.2.1/thumb/v7e-m+fp/hard\libc_nano.a(libc_a-init.o)
 .ARM.attributes
                0x00000383       0x17 D:/DATN/RealTimeMonitoring/GUI_Python/SerialCommunicator/Tool/ArmGnuToolchain/bin/../lib/gcc/arm-none-eabi/14.2.1/thumb/v7e-m+fp/hard\libc_nano.a(libc_a-strlen.o)
 .ARM.attributes
                0x0000039a       0x34 Middlewares/ST/ARM/DSP/Lib/libarm_cortexM4lf_math.a(arm_sin_f32.o)
 .ARM.attributes
                0x000003ce       0x34 Middlewares/ST/ARM/DSP/Lib/libarm_cortexM4lf_math.a(arm_cos_f32.o)
 .ARM.attributes
                0x00000402       0x39 Middlewares/ST/ARM/DSP/Lib/libarm_cortexM4lf_math.a(arm_common_tables.o)
 .ARM.attributes
                0x0000043b       0x22 D:/DATN/RealTimeMonitoring/GUI_Python/SerialCommunicator/Tool/ArmGnuToolchain/bin/../lib/gcc/arm-none-eabi/14.2.1/thumb/v7e-m+fp/hard\libgcc.a(_arm_addsubdf3.o)
 .ARM.attributes
                0x0000045d       0x22 D:/DATN/RealTimeMonitoring/GUI_Python/SerialCommunicator/Tool/ArmGnuToolchain/bin/../lib/gcc/arm-none-eabi/14.2.1/thumb/v7e-m+fp/hard\libgcc.a(_arm_muldivdf3.o)
 .ARM.attributes
                0x0000047f       0x22 D:/DATN/RealTimeMonitoring/GUI_Python/SerialCommunicator/Tool/ArmGnuToolchain/bin/../lib/gcc/arm-none-eabi/14.2.1/thumb/v7e-m+fp/hard\libgcc.a(_arm_cmpdf2.o)
 .ARM.attributes
                0x000004a1       0x22 D:/DATN/RealTimeMonitoring/GUI_Python/SerialCommunicator/Tool/ArmGnuToolchain/bin/../lib/gcc/arm-none-eabi/14.2.1/thumb/v7e-m+fp/hard\libgcc.a(_arm_fixdfsi.o)
 .ARM.attributes
                0x000004c3       0x22 D:/DATN/RealTimeMonitoring/GUI_Python/SerialCommunicator/Tool/ArmGnuToolchain/bin/../lib/gcc/arm-none-eabi/14.2.1/thumb/v7e-m+fp/hard\libgcc.a(_arm_fixunsdfsi.o)
 .ARM.attributes
                0x000004e5       0x22 D:/DATN/RealTimeMonitoring/GUI_Python/SerialCommunicator/Tool/ArmGnuToolchain/bin/../lib/gcc/arm-none-eabi/14.2.1/thumb/v7e-m+fp/hard\libgcc.a(_arm_truncdfsf2.o)
 .ARM.attributes
                0x00000507       0x22 D:/DATN/RealTimeMonitoring/GUI_Python/SerialCommunicator/Tool/ArmGnuToolchain/bin/../lib/gcc/arm-none-eabi/14.2.1/thumb/v7e-m+fp/hard\libgcc.a(_aeabi_uldivmod.o)
 .ARM.attributes
                0x00000529       0x34 D:/DATN/RealTimeMonitoring/GUI_Python/SerialCommunicator/Tool/ArmGnuToolchain/bin/../lib/gcc/arm-none-eabi/14.2.1/thumb/v7e-m+fp/hard\libgcc.a(_udivmoddi4.o)
 .ARM.attributes
                0x0000055d       0x22 D:/DATN/RealTimeMonitoring/GUI_Python/SerialCommunicator/Tool/ArmGnuToolchain/bin/../lib/gcc/arm-none-eabi/14.2.1/thumb/v7e-m+fp/hard\libgcc.a(_dvmd_tls.o)
 .ARM.attributes
                0x0000057f       0x34 D:/DATN/RealTimeMonitoring/GUI_Python/SerialCommunicator/Tool/ArmGnuToolchain/bin/../lib/gcc/arm-none-eabi/14.2.1/thumb/v7e-m+fp/hard/crtend.o
 .ARM.attributes
                0x000005b3       0x22 D:/DATN/RealTimeMonitoring/GUI_Python/SerialCommunicator/Tool/ArmGnuToolchain/bin/../lib/gcc/arm-none-eabi/14.2.1/thumb/v7e-m+fp/hard/crtn.o

.comment        0x00000000       0xbe
 .comment       0x00000000       0xbe build/main.o
                                 0x46 (size before relaxing)
 .comment       0x000000be       0x46 build/stm32f4xx_it.o
 .comment       0x000000be       0x46 build/stm32f4xx_hal_msp.o
 .comment       0x000000be       0x46 build/stm32f4xx_hal_rcc.o
 .comment       0x000000be       0x46 build/stm32f4xx_hal_gpio.o
 .comment       0x000000be       0x46 build/stm32f4xx_hal_dma.o
 .comment       0x000000be       0x46 build/stm32f4xx_hal_cortex.o
 .comment       0x000000be       0x46 build/stm32f4xx_hal.o
 .comment       0x000000be       0x46 build/stm32f4xx_hal_tim.o
 .comment       0x000000be       0x46 build/stm32f4xx_hal_tim_ex.o
 .comment       0x000000be       0x46 build/stm32f4xx_hal_uart.o
 .comment       0x000000be       0x46 build/system_stm32f4xx.o
 .comment       0x000000be       0x46 build/printf.o
 .comment       0x000000be       0x7a Middlewares/ST/ARM/DSP/Lib/libarm_cortexM4lf_math.a(arm_sin_f32.o)
 .comment       0x000000be       0x7a Middlewares/ST/ARM/DSP/Lib/libarm_cortexM4lf_math.a(arm_cos_f32.o)
 .comment       0x000000be       0x7a Middlewares/ST/ARM/DSP/Lib/libarm_cortexM4lf_math.a(arm_common_tables.o)

.debug_info     0x00000000    0x1878a
 .debug_info    0x00000000     0x17d9 build/main.o
 .debug_info    0x000017d9      0xb8f build/stm32f4xx_it.o
 .debug_info    0x00002368     0x12e5 build/stm32f4xx_hal_msp.o
 .debug_info    0x0000364d      0xc0a build/stm32f4xx_hal_rcc.o
 .debug_info    0x00004257      0x848 build/stm32f4xx_hal_gpio.o
 .debug_info    0x00004a9f      0xbce build/stm32f4xx_hal_dma.o
 .debug_info    0x0000566d     0x11e0 build/stm32f4xx_hal_cortex.o
 .debug_info    0x0000684d      0xafa build/stm32f4xx_hal.o
 .debug_info    0x00007347     0x41a0 build/stm32f4xx_hal_tim.o
 .debug_info    0x0000b4e7     0x1d97 build/stm32f4xx_hal_tim_ex.o
 .debug_info    0x0000d27e     0x439d build/stm32f4xx_hal_uart.o
 .debug_info    0x0001161b      0x5b3 build/system_stm32f4xx.o
 .debug_info    0x00011bce     0x1c1e build/printf.o
 .debug_info    0x000137ec       0x30 build/startup_stm32f407xx.o
 .debug_info    0x0001381c     0x1874 Middlewares/ST/ARM/DSP/Lib/libarm_cortexM4lf_math.a(arm_sin_f32.o)
 .debug_info    0x00015090     0x1874 Middlewares/ST/ARM/DSP/Lib/libarm_cortexM4lf_math.a(arm_cos_f32.o)
 .debug_info    0x00016904     0x1e86 Middlewares/ST/ARM/DSP/Lib/libarm_cortexM4lf_math.a(arm_common_tables.o)

.debug_abbrev   0x00000000     0x28d9
 .debug_abbrev  0x00000000      0x332 build/main.o
 .debug_abbrev  0x00000332      0x197 build/stm32f4xx_it.o
 .debug_abbrev  0x000004c9      0x1f2 build/stm32f4xx_hal_msp.o
 .debug_abbrev  0x000006bb      0x2de build/stm32f4xx_hal_rcc.o
 .debug_abbrev  0x00000999      0x22b build/stm32f4xx_hal_gpio.o
 .debug_abbrev  0x00000bc4      0x2fe build/stm32f4xx_hal_dma.o
 .debug_abbrev  0x00000ec2      0x3ca build/stm32f4xx_hal_cortex.o
 .debug_abbrev  0x0000128c      0x244 build/stm32f4xx_hal.o
 .debug_abbrev  0x000014d0      0x2bd build/stm32f4xx_hal_tim.o
 .debug_abbrev  0x0000178d      0x2b7 build/stm32f4xx_hal_tim_ex.o
 .debug_abbrev  0x00001a44      0x36f build/stm32f4xx_hal_uart.o
 .debug_abbrev  0x00001db3      0x11b build/system_stm32f4xx.o
 .debug_abbrev  0x00001ece      0x3aa build/printf.o
 .debug_abbrev  0x00002278       0x1d build/startup_stm32f407xx.o
 .debug_abbrev  0x00002295      0x22c Middlewares/ST/ARM/DSP/Lib/libarm_cortexM4lf_math.a(arm_sin_f32.o)
 .debug_abbrev  0x000024c1      0x22c Middlewares/ST/ARM/DSP/Lib/libarm_cortexM4lf_math.a(arm_cos_f32.o)
 .debug_abbrev  0x000026ed      0x1ec Middlewares/ST/ARM/DSP/Lib/libarm_cortexM4lf_math.a(arm_common_tables.o)

.debug_loc      0x00000000    0x12aff
 .debug_loc     0x00000000      0x5d5 build/main.o
 .debug_loc     0x000005d5       0xa0 build/stm32f4xx_it.o
 .debug_loc     0x00000675      0x2b8 build/stm32f4xx_hal_msp.o
 .debug_loc     0x0000092d      0x712 build/stm32f4xx_hal_rcc.o
 .debug_loc     0x0000103f      0x60b build/stm32f4xx_hal_gpio.o
 .debug_loc     0x0000164a      0xe9a build/stm32f4xx_hal_dma.o
 .debug_loc     0x000024e4      0x8ff build/stm32f4xx_hal_cortex.o
 .debug_loc     0x00002de3      0x1f9 build/stm32f4xx_hal.o
 .debug_loc     0x00002fdc     0x60b5 build/stm32f4xx_hal_tim.o
 .debug_loc     0x00009091     0x2309 build/stm32f4xx_hal_tim_ex.o
 .debug_loc     0x0000b39a     0x506e build/stm32f4xx_hal_uart.o
 .debug_loc     0x00010408      0x166 build/system_stm32f4xx.o
 .debug_loc     0x0001056e     0x239d build/printf.o
 .debug_loc     0x0001290b       0xfa Middlewares/ST/ARM/DSP/Lib/libarm_cortexM4lf_math.a(arm_sin_f32.o)
 .debug_loc     0x00012a05       0xfa Middlewares/ST/ARM/DSP/Lib/libarm_cortexM4lf_math.a(arm_cos_f32.o)

.debug_aranges  0x00000000      0xd30
 .debug_aranges
                0x00000000       0x88 build/main.o
 .debug_aranges
                0x00000088       0x80 build/stm32f4xx_it.o
 .debug_aranges
                0x00000108       0x40 build/stm32f4xx_hal_msp.o
 .debug_aranges
                0x00000148       0x88 build/stm32f4xx_hal_rcc.o
 .debug_aranges
                0x000001d0       0x58 build/stm32f4xx_hal_gpio.o
 .debug_aranges
                0x00000228       0x90 build/stm32f4xx_hal_dma.o
 .debug_aranges
                0x000002b8       0xf8 build/stm32f4xx_hal_cortex.o
 .debug_aranges
                0x000003b0       0xf0 build/stm32f4xx_hal.o
 .debug_aranges
                0x000004a0      0x3d0 build/stm32f4xx_hal_tim.o
 .debug_aranges
                0x00000870      0x168 build/stm32f4xx_hal_tim_ex.o
 .debug_aranges
                0x000009d8      0x208 build/stm32f4xx_hal_uart.o
 .debug_aranges
                0x00000be0       0x28 build/system_stm32f4xx.o
 .debug_aranges
                0x00000c08       0xa8 build/printf.o
 .debug_aranges
                0x00000cb0       0x28 build/startup_stm32f407xx.o
 .debug_aranges
                0x00000cd8       0x20 Middlewares/ST/ARM/DSP/Lib/libarm_cortexM4lf_math.a(arm_sin_f32.o)
 .debug_aranges
                0x00000cf8       0x20 Middlewares/ST/ARM/DSP/Lib/libarm_cortexM4lf_math.a(arm_cos_f32.o)
 .debug_aranges
                0x00000d18       0x18 Middlewares/ST/ARM/DSP/Lib/libarm_cortexM4lf_math.a(arm_common_tables.o)

.debug_ranges   0x00000000      0xd60
 .debug_ranges  0x00000000       0x90 build/main.o
 .debug_ranges  0x00000090       0x70 build/stm32f4xx_it.o
 .debug_ranges  0x00000100       0x30 build/stm32f4xx_hal_msp.o
 .debug_ranges  0x00000130       0x90 build/stm32f4xx_hal_rcc.o
 .debug_ranges  0x000001c0       0x48 build/stm32f4xx_hal_gpio.o
 .debug_ranges  0x00000208       0x80 build/stm32f4xx_hal_dma.o
 .debug_ranges  0x00000288       0xe8 build/stm32f4xx_hal_cortex.o
 .debug_ranges  0x00000370       0xe0 build/stm32f4xx_hal.o
 .debug_ranges  0x00000450      0x3c0 build/stm32f4xx_hal_tim.o
 .debug_ranges  0x00000810      0x158 build/stm32f4xx_hal_tim_ex.o
 .debug_ranges  0x00000968      0x210 build/stm32f4xx_hal_uart.o
 .debug_ranges  0x00000b78       0x18 build/system_stm32f4xx.o
 .debug_ranges  0x00000b90      0x190 build/printf.o
 .debug_ranges  0x00000d20       0x20 build/startup_stm32f407xx.o
 .debug_ranges  0x00000d40       0x10 Middlewares/ST/ARM/DSP/Lib/libarm_cortexM4lf_math.a(arm_sin_f32.o)
 .debug_ranges  0x00000d50       0x10 Middlewares/ST/ARM/DSP/Lib/libarm_cortexM4lf_math.a(arm_cos_f32.o)

.debug_line     0x00000000     0xf2c0
 .debug_line    0x00000000      0x905 build/main.o
 .debug_line    0x00000905      0x32e build/stm32f4xx_it.o
 .debug_line    0x00000c33      0x3bc build/stm32f4xx_hal_msp.o
 .debug_line    0x00000fef      0xc04 build/stm32f4xx_hal_rcc.o
 .debug_line    0x00001bf3      0x72f build/stm32f4xx_hal_gpio.o
 .debug_line    0x00002322      0xe5a build/stm32f4xx_hal_dma.o
 .debug_line    0x0000317c      0x864 build/stm32f4xx_hal_cortex.o
 .debug_line    0x000039e0      0x5a1 build/stm32f4xx_hal.o
 .debug_line    0x00003f81     0x475e build/stm32f4xx_hal_tim.o
 .debug_line    0x000086df     0x1a81 build/stm32f4xx_hal_tim_ex.o
 .debug_line    0x0000a160     0x34e2 build/stm32f4xx_hal_uart.o
 .debug_line    0x0000d642      0x287 build/system_stm32f4xx.o
 .debug_line    0x0000d8c9     0x1282 build/printf.o
 .debug_line    0x0000eb4b       0x73 build/startup_stm32f407xx.o
 .debug_line    0x0000ebbe      0x284 Middlewares/ST/ARM/DSP/Lib/libarm_cortexM4lf_math.a(arm_sin_f32.o)
 .debug_line    0x0000ee42      0x287 Middlewares/ST/ARM/DSP/Lib/libarm_cortexM4lf_math.a(arm_cos_f32.o)
 .debug_line    0x0000f0c9      0x1f7 Middlewares/ST/ARM/DSP/Lib/libarm_cortexM4lf_math.a(arm_common_tables.o)

.debug_str      0x00000000     0x4dfa
 .debug_str     0x00000000     0x4dfa build/main.o
                                0xe96 (size before relaxing)
 .debug_str     0x00004dfa      0x9f9 build/stm32f4xx_it.o
 .debug_str     0x00004dfa     0x1002 build/stm32f4xx_hal_msp.o
 .debug_str     0x00004dfa      0x6ef build/stm32f4xx_hal_rcc.o
 .debug_str     0x00004dfa      0x4c9 build/stm32f4xx_hal_gpio.o
 .debug_str     0x00004dfa      0x75f build/stm32f4xx_hal_dma.o
 .debug_str     0x00004dfa      0xc5e build/stm32f4xx_hal_cortex.o
 .debug_str     0x00004dfa      0xb4d build/stm32f4xx_hal.o
 .debug_str     0x00004dfa     0x16e8 build/stm32f4xx_hal_tim.o
 .debug_str     0x00004dfa      0xef4 build/stm32f4xx_hal_tim_ex.o
 .debug_str     0x00004dfa      0xd84 build/stm32f4xx_hal_uart.o
 .debug_str     0x00004dfa      0x35e build/system_stm32f4xx.o
 .debug_str     0x00004dfa      0x446 build/printf.o
 .debug_str     0x00004dfa       0x6b build/startup_stm32f407xx.o
 .debug_str     0x00004dfa      0xfb7 Middlewares/ST/ARM/DSP/Lib/libarm_cortexM4lf_math.a(arm_sin_f32.o)
 .debug_str     0x00004dfa      0xfb7 Middlewares/ST/ARM/DSP/Lib/libarm_cortexM4lf_math.a(arm_cos_f32.o)
 .debug_str     0x00004dfa      0xf92 Middlewares/ST/ARM/DSP/Lib/libarm_cortexM4lf_math.a(arm_common_tables.o)

.debug_frame    0x00000000     0x2648
 .debug_frame   0x00000000      0x1a8 build/main.o
 .debug_frame   0x000001a8      0x108 build/stm32f4xx_it.o
 .debug_frame   0x000002b0       0x98 build/stm32f4xx_hal_msp.o
 .debug_frame   0x00000348      0x16c build/stm32f4xx_hal_rcc.o
 .debug_frame   0x000004b4       0xd8 build/stm32f4xx_hal_gpio.o
 .debug_frame   0x0000058c      0x188 build/stm32f4xx_hal_dma.o
 .debug_frame   0x00000714      0x214 build/stm32f4xx_hal_cortex.o
 .debug_frame   0x00000928      0x1ec build/stm32f4xx_hal.o
 .debug_frame   0x00000b14      0xb10 build/stm32f4xx_hal_tim.o
 .debug_frame   0x00001624      0x418 build/stm32f4xx_hal_tim_ex.o
 .debug_frame   0x00001a3c      0x5dc build/stm32f4xx_hal_uart.o
 .debug_frame   0x00002018       0x30 build/system_stm32f4xx.o
 .debug_frame   0x00002048      0x2c8 build/printf.o
 .debug_frame   0x00002310       0x20 D:/DATN/RealTimeMonitoring/GUI_Python/SerialCommunicator/Tool/ArmGnuToolchain/bin/../lib/gcc/arm-none-eabi/14.2.1/thumb/v7e-m+fp/hard\libc_nano.a(libc_a-memset.o)
 .debug_frame   0x00002330       0x2c D:/DATN/RealTimeMonitoring/GUI_Python/SerialCommunicator/Tool/ArmGnuToolchain/bin/../lib/gcc/arm-none-eabi/14.2.1/thumb/v7e-m+fp/hard\libc_nano.a(libc_a-init.o)
 .debug_frame   0x0000235c       0x20 D:/DATN/RealTimeMonitoring/GUI_Python/SerialCommunicator/Tool/ArmGnuToolchain/bin/../lib/gcc/arm-none-eabi/14.2.1/thumb/v7e-m+fp/hard\libc_nano.a(libc_a-strlen.o)
 .debug_frame   0x0000237c       0x20 Middlewares/ST/ARM/DSP/Lib/libarm_cortexM4lf_math.a(arm_sin_f32.o)
 .debug_frame   0x0000239c       0x20 Middlewares/ST/ARM/DSP/Lib/libarm_cortexM4lf_math.a(arm_cos_f32.o)
 .debug_frame   0x000023bc       0xac D:/DATN/RealTimeMonitoring/GUI_Python/SerialCommunicator/Tool/ArmGnuToolchain/bin/../lib/gcc/arm-none-eabi/14.2.1/thumb/v7e-m+fp/hard\libgcc.a(_arm_addsubdf3.o)
 .debug_frame   0x00002468       0x50 D:/DATN/RealTimeMonitoring/GUI_Python/SerialCommunicator/Tool/ArmGnuToolchain/bin/../lib/gcc/arm-none-eabi/14.2.1/thumb/v7e-m+fp/hard\libgcc.a(_arm_muldivdf3.o)
 .debug_frame   0x000024b8       0xc4 D:/DATN/RealTimeMonitoring/GUI_Python/SerialCommunicator/Tool/ArmGnuToolchain/bin/../lib/gcc/arm-none-eabi/14.2.1/thumb/v7e-m+fp/hard\libgcc.a(_arm_cmpdf2.o)
 .debug_frame   0x0000257c       0x24 D:/DATN/RealTimeMonitoring/GUI_Python/SerialCommunicator/Tool/ArmGnuToolchain/bin/../lib/gcc/arm-none-eabi/14.2.1/thumb/v7e-m+fp/hard\libgcc.a(_arm_fixdfsi.o)
 .debug_frame   0x000025a0       0x24 D:/DATN/RealTimeMonitoring/GUI_Python/SerialCommunicator/Tool/ArmGnuToolchain/bin/../lib/gcc/arm-none-eabi/14.2.1/thumb/v7e-m+fp/hard\libgcc.a(_arm_fixunsdfsi.o)
 .debug_frame   0x000025c4       0x24 D:/DATN/RealTimeMonitoring/GUI_Python/SerialCommunicator/Tool/ArmGnuToolchain/bin/../lib/gcc/arm-none-eabi/14.2.1/thumb/v7e-m+fp/hard\libgcc.a(_arm_truncdfsf2.o)
 .debug_frame   0x000025e8       0x2c D:/DATN/RealTimeMonitoring/GUI_Python/SerialCommunicator/Tool/ArmGnuToolchain/bin/../lib/gcc/arm-none-eabi/14.2.1/thumb/v7e-m+fp/hard\libgcc.a(_aeabi_uldivmod.o)
 .debug_frame   0x00002614       0x34 D:/DATN/RealTimeMonitoring/GUI_Python/SerialCommunicator/Tool/ArmGnuToolchain/bin/../lib/gcc/arm-none-eabi/14.2.1/thumb/v7e-m+fp/hard\libgcc.a(_udivmoddi4.o)

.debug_line_str
                0x00000000      0x1d5
 .debug_line_str
                0x00000000      0x1d5 D:/DATN/RealTimeMonitoring/GUI_Python/SerialCommunicator/Tool/ArmGnuToolchain/bin/../lib/gcc/arm-none-eabi/14.2.1/thumb/v7e-m+fp/hard\libc_nano.a(libc_a-strlen.o)
                                 0xef (size before relaxing)
 .debug_line_str
                0x000001d5       0xd2 D:/DATN/RealTimeMonitoring/GUI_Python/SerialCommunicator/Tool/ArmGnuToolchain/bin/../lib/gcc/arm-none-eabi/14.2.1/thumb/v7e-m+fp/hard\libgcc.a(_arm_addsubdf3.o)
 .debug_line_str
                0x000001d5       0xd2 D:/DATN/RealTimeMonitoring/GUI_Python/SerialCommunicator/Tool/ArmGnuToolchain/bin/../lib/gcc/arm-none-eabi/14.2.1/thumb/v7e-m+fp/hard\libgcc.a(_arm_muldivdf3.o)
 .debug_line_str
                0x000001d5       0xd2 D:/DATN/RealTimeMonitoring/GUI_Python/SerialCommunicator/Tool/ArmGnuToolchain/bin/../lib/gcc/arm-none-eabi/14.2.1/thumb/v7e-m+fp/hard\libgcc.a(_arm_cmpdf2.o)
 .debug_line_str
                0x000001d5       0xd2 D:/DATN/RealTimeMonitoring/GUI_Python/SerialCommunicator/Tool/ArmGnuToolchain/bin/../lib/gcc/arm-none-eabi/14.2.1/thumb/v7e-m+fp/hard\libgcc.a(_arm_fixdfsi.o)
 .debug_line_str
                0x000001d5       0xd2 D:/DATN/RealTimeMonitoring/GUI_Python/SerialCommunicator/Tool/ArmGnuToolchain/bin/../lib/gcc/arm-none-eabi/14.2.1/thumb/v7e-m+fp/hard\libgcc.a(_arm_fixunsdfsi.o)
 .debug_line_str
                0x000001d5       0xd2 D:/DATN/RealTimeMonitoring/GUI_Python/SerialCommunicator/Tool/ArmGnuToolchain/bin/../lib/gcc/arm-none-eabi/14.2.1/thumb/v7e-m+fp/hard\libgcc.a(_arm_truncdfsf2.o)
 .debug_line_str
                0x000001d5       0xcd D:/DATN/RealTimeMonitoring/GUI_Python/SerialCommunicator/Tool/ArmGnuToolchain/bin/../lib/gcc/arm-none-eabi/14.2.1/thumb/v7e-m+fp/hard\libgcc.a(_aeabi_uldivmod.o)
 .debug_line_str
                0x000001d5       0xd1 D:/DATN/RealTimeMonitoring/GUI_Python/SerialCommunicator/Tool/ArmGnuToolchain/bin/../lib/gcc/arm-none-eabi/14.2.1/thumb/v7e-m+fp/hard\libgcc.a(_dvmd_tls.o)

Cross Reference Table

Symbol                                            File
ADC_IRQHandler                                    build/startup_stm32f407xx.o
AHBPrescTable                                     build/system_stm32f4xx.o
                                                  build/stm32f4xx_hal_rcc.o
APBPrescTable                                     build/system_stm32f4xx.o
                                                  build/stm32f4xx_hal_rcc.o
BusFault_Handler                                  build/stm32f4xx_it.o
CAN1_RX0_IRQHandler                               build/startup_stm32f407xx.o
CAN1_RX1_IRQHandler                               build/startup_stm32f407xx.o
CAN1_SCE_IRQHandler                               build/startup_stm32f407xx.o
CAN1_TX_IRQHandler                                build/startup_stm32f407xx.o
CAN2_RX0_IRQHandler                               build/startup_stm32f407xx.o
CAN2_RX1_IRQHandler                               build/startup_stm32f407xx.o
CAN2_SCE_IRQHandler                               build/startup_stm32f407xx.o
CAN2_TX_IRQHandler                                build/startup_stm32f407xx.o
DCMI_IRQHandler                                   build/startup_stm32f407xx.o
DMA1_Stream0_IRQHandler                           build/startup_stm32f407xx.o
DMA1_Stream1_IRQHandler                           build/startup_stm32f407xx.o
DMA1_Stream2_IRQHandler                           build/startup_stm32f407xx.o
DMA1_Stream3_IRQHandler                           build/startup_stm32f407xx.o
DMA1_Stream4_IRQHandler                           build/startup_stm32f407xx.o
DMA1_Stream5_IRQHandler                           build/startup_stm32f407xx.o
DMA1_Stream6_IRQHandler                           build/startup_stm32f407xx.o
DMA1_Stream7_IRQHandler                           build/startup_stm32f407xx.o
DMA2_Stream0_IRQHandler                           build/startup_stm32f407xx.o
DMA2_Stream1_IRQHandler                           build/startup_stm32f407xx.o
DMA2_Stream2_IRQHandler                           build/startup_stm32f407xx.o
DMA2_Stream3_IRQHandler                           build/startup_stm32f407xx.o
DMA2_Stream4_IRQHandler                           build/startup_stm32f407xx.o
DMA2_Stream5_IRQHandler                           build/startup_stm32f407xx.o
DMA2_Stream6_IRQHandler                           build/startup_stm32f407xx.o
DMA2_Stream7_IRQHandler                           build/startup_stm32f407xx.o
DebugMon_Handler                                  build/stm32f4xx_it.o
Default_Handler                                   build/startup_stm32f407xx.o
ETH_IRQHandler                                    build/startup_stm32f407xx.o
ETH_WKUP_IRQHandler                               build/startup_stm32f407xx.o
EXTI0_IRQHandler                                  build/startup_stm32f407xx.o
EXTI15_10_IRQHandler                              build/startup_stm32f407xx.o
EXTI1_IRQHandler                                  build/startup_stm32f407xx.o
EXTI2_IRQHandler                                  build/startup_stm32f407xx.o
EXTI3_IRQHandler                                  build/startup_stm32f407xx.o
EXTI4_IRQHandler                                  build/startup_stm32f407xx.o
EXTI9_5_IRQHandler                                build/startup_stm32f407xx.o
Error_Handler                                     build/main.o
FLASH_Erase_Sector                                build/stm32f4xx_hal_flash_ex.o
                                                  build/stm32f4xx_hal_flash.o
FLASH_FlushCaches                                 build/stm32f4xx_hal_flash_ex.o
                                                  build/stm32f4xx_hal_flash.o
FLASH_IRQHandler                                  build/startup_stm32f407xx.o
FLASH_WaitForLastOperation                        build/stm32f4xx_hal_flash.o
                                                  build/stm32f4xx_hal_flash_ex.o
FPU_IRQHandler                                    build/startup_stm32f407xx.o
FSMC_IRQHandler                                   build/startup_stm32f407xx.o
HAL_CORTEX_ClearEvent                             build/stm32f4xx_hal_cortex.o
HAL_DBGMCU_DisableDBGSleepMode                    build/stm32f4xx_hal.o
HAL_DBGMCU_DisableDBGStandbyMode                  build/stm32f4xx_hal.o
HAL_DBGMCU_DisableDBGStopMode                     build/stm32f4xx_hal.o
HAL_DBGMCU_EnableDBGSleepMode                     build/stm32f4xx_hal.o
HAL_DBGMCU_EnableDBGStandbyMode                   build/stm32f4xx_hal.o
HAL_DBGMCU_EnableDBGStopMode                      build/stm32f4xx_hal.o
HAL_DMAEx_ChangeMemory                            build/stm32f4xx_hal_dma_ex.o
HAL_DMAEx_MultiBufferStart                        build/stm32f4xx_hal_dma_ex.o
HAL_DMAEx_MultiBufferStart_IT                     build/stm32f4xx_hal_dma_ex.o
HAL_DMA_Abort                                     build/stm32f4xx_hal_dma.o
                                                  build/stm32f4xx_hal_uart.o
HAL_DMA_Abort_IT                                  build/stm32f4xx_hal_dma.o
                                                  build/stm32f4xx_hal_uart.o
                                                  build/stm32f4xx_hal_tim_ex.o
                                                  build/stm32f4xx_hal_tim.o
HAL_DMA_DeInit                                    build/stm32f4xx_hal_dma.o
HAL_DMA_GetError                                  build/stm32f4xx_hal_dma.o
                                                  build/stm32f4xx_hal_uart.o
HAL_DMA_GetState                                  build/stm32f4xx_hal_dma.o
HAL_DMA_IRQHandler                                build/stm32f4xx_hal_dma.o
HAL_DMA_Init                                      build/stm32f4xx_hal_dma.o
HAL_DMA_PollForTransfer                           build/stm32f4xx_hal_dma.o
HAL_DMA_RegisterCallback                          build/stm32f4xx_hal_dma.o
HAL_DMA_Start                                     build/stm32f4xx_hal_dma.o
HAL_DMA_Start_IT                                  build/stm32f4xx_hal_dma.o
                                                  build/stm32f4xx_hal_uart.o
                                                  build/stm32f4xx_hal_tim_ex.o
                                                  build/stm32f4xx_hal_tim.o
HAL_DMA_UnRegisterCallback                        build/stm32f4xx_hal_dma.o
HAL_DeInit                                        build/stm32f4xx_hal.o
HAL_Delay                                         build/stm32f4xx_hal.o
HAL_DisableCompensationCell                       build/stm32f4xx_hal.o
HAL_EXTI_ClearConfigLine                          build/stm32f4xx_hal_exti.o
HAL_EXTI_ClearPending                             build/stm32f4xx_hal_exti.o
HAL_EXTI_GenerateSWI                              build/stm32f4xx_hal_exti.o
HAL_EXTI_GetConfigLine                            build/stm32f4xx_hal_exti.o
HAL_EXTI_GetHandle                                build/stm32f4xx_hal_exti.o
HAL_EXTI_GetPending                               build/stm32f4xx_hal_exti.o
HAL_EXTI_IRQHandler                               build/stm32f4xx_hal_exti.o
HAL_EXTI_RegisterCallback                         build/stm32f4xx_hal_exti.o
HAL_EXTI_SetConfigLine                            build/stm32f4xx_hal_exti.o
HAL_EnableCompensationCell                        build/stm32f4xx_hal.o
HAL_FLASHEx_Erase                                 build/stm32f4xx_hal_flash_ex.o
HAL_FLASHEx_Erase_IT                              build/stm32f4xx_hal_flash_ex.o
HAL_FLASHEx_OBGetConfig                           build/stm32f4xx_hal_flash_ex.o
HAL_FLASHEx_OBProgram                             build/stm32f4xx_hal_flash_ex.o
HAL_FLASH_EndOfOperationCallback                  build/stm32f4xx_hal_flash.o
HAL_FLASH_GetError                                build/stm32f4xx_hal_flash.o
HAL_FLASH_IRQHandler                              build/stm32f4xx_hal_flash.o
HAL_FLASH_Lock                                    build/stm32f4xx_hal_flash.o
HAL_FLASH_OB_Launch                               build/stm32f4xx_hal_flash.o
HAL_FLASH_OB_Lock                                 build/stm32f4xx_hal_flash.o
HAL_FLASH_OB_Unlock                               build/stm32f4xx_hal_flash.o
HAL_FLASH_OperationErrorCallback                  build/stm32f4xx_hal_flash.o
HAL_FLASH_Program                                 build/stm32f4xx_hal_flash.o
HAL_FLASH_Program_IT                              build/stm32f4xx_hal_flash.o
HAL_FLASH_Unlock                                  build/stm32f4xx_hal_flash.o
HAL_GPIO_DeInit                                   build/stm32f4xx_hal_gpio.o
                                                  build/stm32f4xx_hal_msp.o
HAL_GPIO_EXTI_Callback                            build/stm32f4xx_hal_gpio.o
HAL_GPIO_EXTI_IRQHandler                          build/stm32f4xx_hal_gpio.o
HAL_GPIO_Init                                     build/stm32f4xx_hal_gpio.o
                                                  build/stm32f4xx_hal_rcc.o
                                                  build/stm32f4xx_hal_msp.o
HAL_GPIO_LockPin                                  build/stm32f4xx_hal_gpio.o
HAL_GPIO_ReadPin                                  build/stm32f4xx_hal_gpio.o
HAL_GPIO_TogglePin                                build/stm32f4xx_hal_gpio.o
HAL_GPIO_WritePin                                 build/stm32f4xx_hal_gpio.o
HAL_GetDEVID                                      build/stm32f4xx_hal.o
HAL_GetHalVersion                                 build/stm32f4xx_hal.o
HAL_GetREVID                                      build/stm32f4xx_hal.o
HAL_GetTick                                       build/stm32f4xx_hal.o
                                                  build/stm32f4xx_hal_uart.o
                                                  build/stm32f4xx_hal_pwr_ex.o
                                                  build/stm32f4xx_hal_dma.o
                                                  build/stm32f4xx_hal_flash.o
                                                  build/stm32f4xx_hal_rcc_ex.o
                                                  build/stm32f4xx_hal_rcc.o
HAL_GetTickFreq                                   build/stm32f4xx_hal.o
HAL_GetTickPrio                                   build/stm32f4xx_hal.o
HAL_GetUIDw0                                      build/stm32f4xx_hal.o
HAL_GetUIDw1                                      build/stm32f4xx_hal.o
HAL_GetUIDw2                                      build/stm32f4xx_hal.o
HAL_HalfDuplex_EnableReceiver                     build/stm32f4xx_hal_uart.o
HAL_HalfDuplex_EnableTransmitter                  build/stm32f4xx_hal_uart.o
HAL_HalfDuplex_Init                               build/stm32f4xx_hal_uart.o
HAL_IncTick                                       build/stm32f4xx_hal.o
                                                  build/stm32f4xx_it.o
HAL_Init                                          build/stm32f4xx_hal.o
                                                  build/main.o
HAL_InitTick                                      build/stm32f4xx_hal.o
                                                  build/stm32f4xx_hal_rcc_ex.o
                                                  build/stm32f4xx_hal_rcc.o
HAL_LIN_Init                                      build/stm32f4xx_hal_uart.o
HAL_LIN_SendBreak                                 build/stm32f4xx_hal_uart.o
HAL_MPU_ConfigRegion                              build/stm32f4xx_hal_cortex.o
HAL_MPU_Disable                                   build/stm32f4xx_hal_cortex.o
HAL_MPU_DisableRegion                             build/stm32f4xx_hal_cortex.o
HAL_MPU_Enable                                    build/stm32f4xx_hal_cortex.o
HAL_MPU_EnableRegion                              build/stm32f4xx_hal_cortex.o
HAL_MspDeInit                                     build/stm32f4xx_hal.o
HAL_MspInit                                       build/stm32f4xx_hal_msp.o
HAL_MultiProcessor_EnterMuteMode                  build/stm32f4xx_hal_uart.o
HAL_MultiProcessor_ExitMuteMode                   build/stm32f4xx_hal_uart.o
HAL_MultiProcessor_Init                           build/stm32f4xx_hal_uart.o
HAL_NVIC_ClearPendingIRQ                          build/stm32f4xx_hal_cortex.o
HAL_NVIC_DisableIRQ                               build/stm32f4xx_hal_cortex.o
                                                  build/stm32f4xx_hal_msp.o
HAL_NVIC_EnableIRQ                                build/stm32f4xx_hal_cortex.o
                                                  build/stm32f4xx_hal_msp.o
HAL_NVIC_GetActive                                build/stm32f4xx_hal_cortex.o
HAL_NVIC_GetPendingIRQ                            build/stm32f4xx_hal_cortex.o
HAL_NVIC_GetPriority                              build/stm32f4xx_hal_cortex.o
HAL_NVIC_GetPriorityGrouping                      build/stm32f4xx_hal_cortex.o
HAL_NVIC_SetPendingIRQ                            build/stm32f4xx_hal_cortex.o
HAL_NVIC_SetPriority                              build/stm32f4xx_hal_cortex.o
                                                  build/stm32f4xx_hal.o
                                                  build/stm32f4xx_hal_msp.o
HAL_NVIC_SetPriorityGrouping                      build/stm32f4xx_hal_cortex.o
                                                  build/stm32f4xx_hal.o
HAL_NVIC_SystemReset                              build/stm32f4xx_hal_cortex.o
HAL_PWREx_ControlVoltageScaling                   build/stm32f4xx_hal_pwr_ex.o
HAL_PWREx_DisableBkUpReg                          build/stm32f4xx_hal_pwr_ex.o
HAL_PWREx_DisableFlashPowerDown                   build/stm32f4xx_hal_pwr_ex.o
HAL_PWREx_EnableBkUpReg                           build/stm32f4xx_hal_pwr_ex.o
HAL_PWREx_EnableFlashPowerDown                    build/stm32f4xx_hal_pwr_ex.o
HAL_PWREx_GetVoltageRange                         build/stm32f4xx_hal_pwr_ex.o
HAL_PWR_ConfigPVD                                 build/stm32f4xx_hal_pwr.o
HAL_PWR_DeInit                                    build/stm32f4xx_hal_pwr.o
HAL_PWR_DisableBkUpAccess                         build/stm32f4xx_hal_pwr.o
HAL_PWR_DisablePVD                                build/stm32f4xx_hal_pwr.o
HAL_PWR_DisableSEVOnPend                          build/stm32f4xx_hal_pwr.o
HAL_PWR_DisableSleepOnExit                        build/stm32f4xx_hal_pwr.o
HAL_PWR_DisableWakeUpPin                          build/stm32f4xx_hal_pwr.o
HAL_PWR_EnableBkUpAccess                          build/stm32f4xx_hal_pwr.o
HAL_PWR_EnablePVD                                 build/stm32f4xx_hal_pwr.o
HAL_PWR_EnableSEVOnPend                           build/stm32f4xx_hal_pwr.o
HAL_PWR_EnableSleepOnExit                         build/stm32f4xx_hal_pwr.o
HAL_PWR_EnableWakeUpPin                           build/stm32f4xx_hal_pwr.o
HAL_PWR_EnterSLEEPMode                            build/stm32f4xx_hal_pwr.o
HAL_PWR_EnterSTANDBYMode                          build/stm32f4xx_hal_pwr.o
HAL_PWR_EnterSTOPMode                             build/stm32f4xx_hal_pwr.o
HAL_PWR_PVDCallback                               build/stm32f4xx_hal_pwr.o
HAL_PWR_PVD_IRQHandler                            build/stm32f4xx_hal_pwr.o
HAL_RCCEx_DisablePLLI2S                           build/stm32f4xx_hal_rcc_ex.o
HAL_RCCEx_EnablePLLI2S                            build/stm32f4xx_hal_rcc_ex.o
HAL_RCCEx_GetPeriphCLKConfig                      build/stm32f4xx_hal_rcc_ex.o
HAL_RCCEx_GetPeriphCLKFreq                        build/stm32f4xx_hal_rcc_ex.o
HAL_RCCEx_PeriphCLKConfig                         build/stm32f4xx_hal_rcc_ex.o
HAL_RCC_CSSCallback                               build/stm32f4xx_hal_rcc.o
HAL_RCC_ClockConfig                               build/stm32f4xx_hal_rcc.o
                                                  build/main.o
HAL_RCC_DeInit                                    build/stm32f4xx_hal_rcc_ex.o
                                                  build/stm32f4xx_hal_rcc.o
HAL_RCC_DisableCSS                                build/stm32f4xx_hal_rcc.o
HAL_RCC_EnableCSS                                 build/stm32f4xx_hal_rcc.o
HAL_RCC_GetClockConfig                            build/stm32f4xx_hal_rcc.o
HAL_RCC_GetHCLKFreq                               build/stm32f4xx_hal_rcc.o
HAL_RCC_GetOscConfig                              build/stm32f4xx_hal_rcc.o
HAL_RCC_GetPCLK1Freq                              build/stm32f4xx_hal_rcc.o
                                                  build/stm32f4xx_hal_uart.o
HAL_RCC_GetPCLK2Freq                              build/stm32f4xx_hal_rcc.o
                                                  build/stm32f4xx_hal_uart.o
HAL_RCC_GetSysClockFreq                           build/stm32f4xx_hal_rcc.o
HAL_RCC_MCOConfig                                 build/stm32f4xx_hal_rcc.o
HAL_RCC_NMI_IRQHandler                            build/stm32f4xx_hal_rcc.o
HAL_RCC_OscConfig                                 build/stm32f4xx_hal_rcc.o
                                                  build/main.o
HAL_ResumeTick                                    build/stm32f4xx_hal.o
HAL_SYSTICK_CLKSourceConfig                       build/stm32f4xx_hal_cortex.o
HAL_SYSTICK_Callback                              build/stm32f4xx_hal_cortex.o
HAL_SYSTICK_Config                                build/stm32f4xx_hal_cortex.o
                                                  build/stm32f4xx_hal.o
HAL_SYSTICK_IRQHandler                            build/stm32f4xx_hal_cortex.o
HAL_SetTickFreq                                   build/stm32f4xx_hal.o
HAL_SuspendTick                                   build/stm32f4xx_hal.o
HAL_TIMEx_BreakCallback                           build/stm32f4xx_hal_tim_ex.o
                                                  build/stm32f4xx_hal_tim.o
HAL_TIMEx_CommutCallback                          build/stm32f4xx_hal_tim_ex.o
                                                  build/stm32f4xx_hal_tim.o
HAL_TIMEx_CommutHalfCpltCallback                  build/stm32f4xx_hal_tim_ex.o
HAL_TIMEx_ConfigBreakDeadTime                     build/stm32f4xx_hal_tim_ex.o
HAL_TIMEx_ConfigCommutEvent                       build/stm32f4xx_hal_tim_ex.o
HAL_TIMEx_ConfigCommutEvent_DMA                   build/stm32f4xx_hal_tim_ex.o
HAL_TIMEx_ConfigCommutEvent_IT                    build/stm32f4xx_hal_tim_ex.o
HAL_TIMEx_GetChannelNState                        build/stm32f4xx_hal_tim_ex.o
HAL_TIMEx_HallSensor_DeInit                       build/stm32f4xx_hal_tim_ex.o
HAL_TIMEx_HallSensor_GetState                     build/stm32f4xx_hal_tim_ex.o
HAL_TIMEx_HallSensor_Init                         build/stm32f4xx_hal_tim_ex.o
HAL_TIMEx_HallSensor_MspDeInit                    build/stm32f4xx_hal_tim_ex.o
HAL_TIMEx_HallSensor_MspInit                      build/stm32f4xx_hal_tim_ex.o
HAL_TIMEx_HallSensor_Start                        build/stm32f4xx_hal_tim_ex.o
HAL_TIMEx_HallSensor_Start_DMA                    build/stm32f4xx_hal_tim_ex.o
HAL_TIMEx_HallSensor_Start_IT                     build/stm32f4xx_hal_tim_ex.o
HAL_TIMEx_HallSensor_Stop                         build/stm32f4xx_hal_tim_ex.o
HAL_TIMEx_HallSensor_Stop_DMA                     build/stm32f4xx_hal_tim_ex.o
HAL_TIMEx_HallSensor_Stop_IT                      build/stm32f4xx_hal_tim_ex.o
HAL_TIMEx_MasterConfigSynchronization             build/stm32f4xx_hal_tim_ex.o
                                                  build/main.o
HAL_TIMEx_OCN_Start                               build/stm32f4xx_hal_tim_ex.o
HAL_TIMEx_OCN_Start_DMA                           build/stm32f4xx_hal_tim_ex.o
HAL_TIMEx_OCN_Start_IT                            build/stm32f4xx_hal_tim_ex.o
HAL_TIMEx_OCN_Stop                                build/stm32f4xx_hal_tim_ex.o
HAL_TIMEx_OCN_Stop_DMA                            build/stm32f4xx_hal_tim_ex.o
HAL_TIMEx_OCN_Stop_IT                             build/stm32f4xx_hal_tim_ex.o
HAL_TIMEx_OnePulseN_Start                         build/stm32f4xx_hal_tim_ex.o
HAL_TIMEx_OnePulseN_Start_IT                      build/stm32f4xx_hal_tim_ex.o
HAL_TIMEx_OnePulseN_Stop                          build/stm32f4xx_hal_tim_ex.o
HAL_TIMEx_OnePulseN_Stop_IT                       build/stm32f4xx_hal_tim_ex.o
HAL_TIMEx_PWMN_Start                              build/stm32f4xx_hal_tim_ex.o
HAL_TIMEx_PWMN_Start_DMA                          build/stm32f4xx_hal_tim_ex.o
HAL_TIMEx_PWMN_Start_IT                           build/stm32f4xx_hal_tim_ex.o
HAL_TIMEx_PWMN_Stop                               build/stm32f4xx_hal_tim_ex.o
HAL_TIMEx_PWMN_Stop_DMA                           build/stm32f4xx_hal_tim_ex.o
HAL_TIMEx_PWMN_Stop_IT                            build/stm32f4xx_hal_tim_ex.o
HAL_TIMEx_RemapConfig                             build/stm32f4xx_hal_tim_ex.o
HAL_TIM_Base_DeInit                               build/stm32f4xx_hal_tim.o
HAL_TIM_Base_GetState                             build/stm32f4xx_hal_tim.o
HAL_TIM_Base_Init                                 build/stm32f4xx_hal_tim.o
                                                  build/main.o
HAL_TIM_Base_MspDeInit                            build/stm32f4xx_hal_msp.o
HAL_TIM_Base_MspInit                              build/stm32f4xx_hal_msp.o
HAL_TIM_Base_Start                                build/stm32f4xx_hal_tim.o
HAL_TIM_Base_Start_DMA                            build/stm32f4xx_hal_tim.o
HAL_TIM_Base_Start_IT                             build/stm32f4xx_hal_tim.o
                                                  build/main.o
HAL_TIM_Base_Stop                                 build/stm32f4xx_hal_tim.o
HAL_TIM_Base_Stop_DMA                             build/stm32f4xx_hal_tim.o
HAL_TIM_Base_Stop_IT                              build/stm32f4xx_hal_tim.o
HAL_TIM_ConfigClockSource                         build/stm32f4xx_hal_tim.o
HAL_TIM_ConfigOCrefClear                          build/stm32f4xx_hal_tim.o
HAL_TIM_ConfigTI1Input                            build/stm32f4xx_hal_tim.o
HAL_TIM_DMABurstState                             build/stm32f4xx_hal_tim.o
HAL_TIM_DMABurst_MultiReadStart                   build/stm32f4xx_hal_tim.o
HAL_TIM_DMABurst_MultiWriteStart                  build/stm32f4xx_hal_tim.o
HAL_TIM_DMABurst_ReadStart                        build/stm32f4xx_hal_tim.o
HAL_TIM_DMABurst_ReadStop                         build/stm32f4xx_hal_tim.o
HAL_TIM_DMABurst_WriteStart                       build/stm32f4xx_hal_tim.o
HAL_TIM_DMABurst_WriteStop                        build/stm32f4xx_hal_tim.o
HAL_TIM_Encoder_DeInit                            build/stm32f4xx_hal_tim.o
HAL_TIM_Encoder_GetState                          build/stm32f4xx_hal_tim.o
HAL_TIM_Encoder_Init                              build/stm32f4xx_hal_tim.o
HAL_TIM_Encoder_MspDeInit                         build/stm32f4xx_hal_tim.o
HAL_TIM_Encoder_MspInit                           build/stm32f4xx_hal_tim.o
HAL_TIM_Encoder_Start                             build/stm32f4xx_hal_tim.o
HAL_TIM_Encoder_Start_DMA                         build/stm32f4xx_hal_tim.o
HAL_TIM_Encoder_Start_IT                          build/stm32f4xx_hal_tim.o
HAL_TIM_Encoder_Stop                              build/stm32f4xx_hal_tim.o
HAL_TIM_Encoder_Stop_DMA                          build/stm32f4xx_hal_tim.o
HAL_TIM_Encoder_Stop_IT                           build/stm32f4xx_hal_tim.o
HAL_TIM_ErrorCallback                             build/stm32f4xx_hal_tim.o
                                                  build/stm32f4xx_hal_tim_ex.o
HAL_TIM_GenerateEvent                             build/stm32f4xx_hal_tim.o
HAL_TIM_GetActiveChannel                          build/stm32f4xx_hal_tim.o
HAL_TIM_GetChannelState                           build/stm32f4xx_hal_tim.o
HAL_TIM_IC_CaptureCallback                        build/stm32f4xx_hal_tim.o
HAL_TIM_IC_CaptureHalfCpltCallback                build/stm32f4xx_hal_tim.o
HAL_TIM_IC_ConfigChannel                          build/stm32f4xx_hal_tim.o
HAL_TIM_IC_DeInit                                 build/stm32f4xx_hal_tim.o
HAL_TIM_IC_GetState                               build/stm32f4xx_hal_tim.o
HAL_TIM_IC_Init                                   build/stm32f4xx_hal_tim.o
HAL_TIM_IC_MspDeInit                              build/stm32f4xx_hal_tim.o
HAL_TIM_IC_MspInit                                build/stm32f4xx_hal_tim.o
HAL_TIM_IC_Start                                  build/stm32f4xx_hal_tim.o
HAL_TIM_IC_Start_DMA                              build/stm32f4xx_hal_tim.o
HAL_TIM_IC_Start_IT                               build/stm32f4xx_hal_tim.o
HAL_TIM_IC_Stop                                   build/stm32f4xx_hal_tim.o
HAL_TIM_IC_Stop_DMA                               build/stm32f4xx_hal_tim.o
HAL_TIM_IC_Stop_IT                                build/stm32f4xx_hal_tim.o
HAL_TIM_IRQHandler                                build/stm32f4xx_hal_tim.o
                                                  build/stm32f4xx_it.o
HAL_TIM_OC_ConfigChannel                          build/stm32f4xx_hal_tim.o
HAL_TIM_OC_DeInit                                 build/stm32f4xx_hal_tim.o
HAL_TIM_OC_DelayElapsedCallback                   build/stm32f4xx_hal_tim.o
HAL_TIM_OC_GetState                               build/stm32f4xx_hal_tim.o
HAL_TIM_OC_Init                                   build/stm32f4xx_hal_tim.o
HAL_TIM_OC_MspDeInit                              build/stm32f4xx_hal_tim.o
HAL_TIM_OC_MspInit                                build/stm32f4xx_hal_tim.o
HAL_TIM_OC_Start                                  build/stm32f4xx_hal_tim.o
HAL_TIM_OC_Start_DMA                              build/stm32f4xx_hal_tim.o
HAL_TIM_OC_Start_IT                               build/stm32f4xx_hal_tim.o
HAL_TIM_OC_Stop                                   build/stm32f4xx_hal_tim.o
HAL_TIM_OC_Stop_DMA                               build/stm32f4xx_hal_tim.o
HAL_TIM_OC_Stop_IT                                build/stm32f4xx_hal_tim.o
HAL_TIM_OnePulse_ConfigChannel                    build/stm32f4xx_hal_tim.o
HAL_TIM_OnePulse_DeInit                           build/stm32f4xx_hal_tim.o
HAL_TIM_OnePulse_GetState                         build/stm32f4xx_hal_tim.o
HAL_TIM_OnePulse_Init                             build/stm32f4xx_hal_tim.o
HAL_TIM_OnePulse_MspDeInit                        build/stm32f4xx_hal_tim.o
HAL_TIM_OnePulse_MspInit                          build/stm32f4xx_hal_tim.o
HAL_TIM_OnePulse_Start                            build/stm32f4xx_hal_tim.o
HAL_TIM_OnePulse_Start_IT                         build/stm32f4xx_hal_tim.o
HAL_TIM_OnePulse_Stop                             build/stm32f4xx_hal_tim.o
HAL_TIM_OnePulse_Stop_IT                          build/stm32f4xx_hal_tim.o
HAL_TIM_PWM_ConfigChannel                         build/stm32f4xx_hal_tim.o
HAL_TIM_PWM_DeInit                                build/stm32f4xx_hal_tim.o
HAL_TIM_PWM_GetState                              build/stm32f4xx_hal_tim.o
HAL_TIM_PWM_Init                                  build/stm32f4xx_hal_tim.o
HAL_TIM_PWM_MspDeInit                             build/stm32f4xx_hal_tim.o
HAL_TIM_PWM_MspInit                               build/stm32f4xx_hal_tim.o
HAL_TIM_PWM_PulseFinishedCallback                 build/stm32f4xx_hal_tim.o
                                                  build/stm32f4xx_hal_tim_ex.o
HAL_TIM_PWM_PulseFinishedHalfCpltCallback         build/stm32f4xx_hal_tim.o
HAL_TIM_PWM_Start                                 build/stm32f4xx_hal_tim.o
HAL_TIM_PWM_Start_DMA                             build/stm32f4xx_hal_tim.o
HAL_TIM_PWM_Start_IT                              build/stm32f4xx_hal_tim.o
HAL_TIM_PWM_Stop                                  build/stm32f4xx_hal_tim.o
HAL_TIM_PWM_Stop_DMA                              build/stm32f4xx_hal_tim.o
HAL_TIM_PWM_Stop_IT                               build/stm32f4xx_hal_tim.o
HAL_TIM_PeriodElapsedCallback                     build/main.o
HAL_TIM_PeriodElapsedHalfCpltCallback             build/stm32f4xx_hal_tim.o
HAL_TIM_ReadCapturedValue                         build/stm32f4xx_hal_tim.o
HAL_TIM_SlaveConfigSynchro                        build/stm32f4xx_hal_tim.o
HAL_TIM_SlaveConfigSynchro_IT                     build/stm32f4xx_hal_tim.o
HAL_TIM_TriggerCallback                           build/stm32f4xx_hal_tim.o
HAL_TIM_TriggerHalfCpltCallback                   build/stm32f4xx_hal_tim.o
HAL_UARTEx_GetRxEventType                         build/stm32f4xx_hal_uart.o
HAL_UARTEx_ReceiveToIdle                          build/stm32f4xx_hal_uart.o
HAL_UARTEx_ReceiveToIdle_DMA                      build/stm32f4xx_hal_uart.o
HAL_UARTEx_ReceiveToIdle_IT                       build/stm32f4xx_hal_uart.o
HAL_UARTEx_RxEventCallback                        build/stm32f4xx_hal_uart.o
HAL_UART_Abort                                    build/stm32f4xx_hal_uart.o
HAL_UART_AbortCpltCallback                        build/stm32f4xx_hal_uart.o
HAL_UART_AbortReceive                             build/stm32f4xx_hal_uart.o
HAL_UART_AbortReceiveCpltCallback                 build/stm32f4xx_hal_uart.o
HAL_UART_AbortReceive_IT                          build/stm32f4xx_hal_uart.o
HAL_UART_AbortTransmit                            build/stm32f4xx_hal_uart.o
HAL_UART_AbortTransmitCpltCallback                build/stm32f4xx_hal_uart.o
HAL_UART_AbortTransmit_IT                         build/stm32f4xx_hal_uart.o
HAL_UART_Abort_IT                                 build/stm32f4xx_hal_uart.o
HAL_UART_DMAPause                                 build/stm32f4xx_hal_uart.o
HAL_UART_DMAResume                                build/stm32f4xx_hal_uart.o
HAL_UART_DMAStop                                  build/stm32f4xx_hal_uart.o
HAL_UART_DeInit                                   build/stm32f4xx_hal_uart.o
HAL_UART_ErrorCallback                            build/stm32f4xx_hal_uart.o
HAL_UART_GetError                                 build/stm32f4xx_hal_uart.o
HAL_UART_GetState                                 build/stm32f4xx_hal_uart.o
HAL_UART_IRQHandler                               build/stm32f4xx_hal_uart.o
                                                  build/stm32f4xx_it.o
HAL_UART_Init                                     build/stm32f4xx_hal_uart.o
                                                  build/main.o
HAL_UART_MspDeInit                                build/stm32f4xx_hal_msp.o
HAL_UART_MspInit                                  build/stm32f4xx_hal_msp.o
HAL_UART_Receive                                  build/stm32f4xx_hal_uart.o
HAL_UART_Receive_DMA                              build/stm32f4xx_hal_uart.o
HAL_UART_Receive_IT                               build/stm32f4xx_hal_uart.o
                                                  build/main.o
HAL_UART_RxCpltCallback                           build/main.o
HAL_UART_RxHalfCpltCallback                       build/stm32f4xx_hal_uart.o
HAL_UART_Transmit                                 build/stm32f4xx_hal_uart.o
HAL_UART_Transmit_DMA                             build/stm32f4xx_hal_uart.o
HAL_UART_Transmit_IT                              build/stm32f4xx_hal_uart.o
                                                  build/main.o
HAL_UART_TxCpltCallback                           build/main.o
HAL_UART_TxHalfCpltCallback                       build/stm32f4xx_hal_uart.o
HASH_RNG_IRQHandler                               build/startup_stm32f407xx.o
HardFault_Handler                                 build/stm32f4xx_it.o
I2C1_ER_IRQHandler                                build/startup_stm32f407xx.o
I2C1_EV_IRQHandler                                build/startup_stm32f407xx.o
I2C2_ER_IRQHandler                                build/startup_stm32f407xx.o
I2C2_EV_IRQHandler                                build/startup_stm32f407xx.o
I2C3_ER_IRQHandler                                build/startup_stm32f407xx.o
I2C3_EV_IRQHandler                                build/startup_stm32f407xx.o
MemManage_Handler                                 build/stm32f4xx_it.o
NMI_Handler                                       build/stm32f4xx_it.o
OTG_FS_IRQHandler                                 build/startup_stm32f407xx.o
OTG_FS_WKUP_IRQHandler                            build/startup_stm32f407xx.o
OTG_HS_EP1_IN_IRQHandler                          build/startup_stm32f407xx.o
OTG_HS_EP1_OUT_IRQHandler                         build/startup_stm32f407xx.o
OTG_HS_IRQHandler                                 build/startup_stm32f407xx.o
OTG_HS_WKUP_IRQHandler                            build/startup_stm32f407xx.o
PVD_IRQHandler                                    build/startup_stm32f407xx.o
PendSV_Handler                                    build/stm32f4xx_it.o
RCC_IRQHandler                                    build/startup_stm32f407xx.o
RTC_Alarm_IRQHandler                              build/startup_stm32f407xx.o
RTC_WKUP_IRQHandler                               build/startup_stm32f407xx.o
Reset_Handler                                     build/startup_stm32f407xx.o
SDIO_IRQHandler                                   build/startup_stm32f407xx.o
SPI1_IRQHandler                                   build/startup_stm32f407xx.o
SPI2_IRQHandler                                   build/startup_stm32f407xx.o
SPI3_IRQHandler                                   build/startup_stm32f407xx.o
SVC_Handler                                       build/stm32f4xx_it.o
SendBuffer                                        build/main.o
StringToFloat                                     build/main.o
SysTick_Handler                                   build/stm32f4xx_it.o
SystemClock_Config                                build/main.o
SystemCoreClock                                   build/system_stm32f4xx.o
                                                  build/stm32f4xx_hal.o
                                                  build/stm32f4xx_hal_dma.o
                                                  build/stm32f4xx_hal_rcc_ex.o
                                                  build/stm32f4xx_hal_rcc.o
SystemCoreClockUpdate                             build/system_stm32f4xx.o
SystemInit                                        build/system_stm32f4xx.o
                                                  build/startup_stm32f407xx.o
TAMP_STAMP_IRQHandler                             build/startup_stm32f407xx.o
TIM1_BRK_TIM9_IRQHandler                          build/startup_stm32f407xx.o
TIM1_CC_IRQHandler                                build/startup_stm32f407xx.o
TIM1_TRG_COM_TIM11_IRQHandler                     build/startup_stm32f407xx.o
TIM1_UP_TIM10_IRQHandler                          build/startup_stm32f407xx.o
TIM2_IRQHandler                                   build/startup_stm32f407xx.o
TIM3_IRQHandler                                   build/startup_stm32f407xx.o
TIM4_IRQHandler                                   build/startup_stm32f407xx.o
TIM5_IRQHandler                                   build/startup_stm32f407xx.o
TIM6_DAC_IRQHandler                               build/stm32f4xx_it.o
TIM7_IRQHandler                                   build/stm32f4xx_it.o
TIM8_BRK_TIM12_IRQHandler                         build/startup_stm32f407xx.o
TIM8_CC_IRQHandler                                build/startup_stm32f407xx.o
TIM8_TRG_COM_TIM14_IRQHandler                     build/startup_stm32f407xx.o
TIM8_UP_TIM13_IRQHandler                          build/startup_stm32f407xx.o
TIMEx_DMACommutationCplt                          build/stm32f4xx_hal_tim_ex.o
                                                  build/stm32f4xx_hal_tim.o
TIMEx_DMACommutationHalfCplt                      build/stm32f4xx_hal_tim_ex.o
                                                  build/stm32f4xx_hal_tim.o
TIM_Base_SetConfig                                build/stm32f4xx_hal_tim.o
                                                  build/stm32f4xx_hal_tim_ex.o
TIM_CCxChannelCmd                                 build/stm32f4xx_hal_tim.o
                                                  build/stm32f4xx_hal_tim_ex.o
TIM_DMACaptureCplt                                build/stm32f4xx_hal_tim.o
                                                  build/stm32f4xx_hal_tim_ex.o
TIM_DMACaptureHalfCplt                            build/stm32f4xx_hal_tim.o
                                                  build/stm32f4xx_hal_tim_ex.o
TIM_DMADelayPulseHalfCplt                         build/stm32f4xx_hal_tim.o
                                                  build/stm32f4xx_hal_tim_ex.o
TIM_DMAError                                      build/stm32f4xx_hal_tim.o
                                                  build/stm32f4xx_hal_tim_ex.o
TIM_ETR_SetConfig                                 build/stm32f4xx_hal_tim.o
TIM_OC2_SetConfig                                 build/stm32f4xx_hal_tim.o
                                                  build/stm32f4xx_hal_tim_ex.o
TIM_TI1_SetConfig                                 build/stm32f4xx_hal_tim.o
                                                  build/stm32f4xx_hal_tim_ex.o
UART4_IRQHandler                                  build/startup_stm32f407xx.o
UART5_IRQHandler                                  build/startup_stm32f407xx.o
UART_Start_Receive_DMA                            build/stm32f4xx_hal_uart.o
UART_Start_Receive_IT                             build/stm32f4xx_hal_uart.o
USART1_IRQHandler                                 build/startup_stm32f407xx.o
USART2_IRQHandler                                 build/stm32f4xx_it.o
USART3_IRQHandler                                 build/stm32f4xx_it.o
USART6_IRQHandler                                 build/startup_stm32f407xx.o
UsageFault_Handler                                build/stm32f4xx_it.o
WWDG_IRQHandler                                   build/startup_stm32f407xx.o
WeightsQ15_128                                    Middlewares/ST/ARM/DSP/Lib/libarm_cortexM4lf_math.a(arm_common_tables.o)
WeightsQ15_2048                                   Middlewares/ST/ARM/DSP/Lib/libarm_cortexM4lf_math.a(arm_common_tables.o)
WeightsQ15_512                                    Middlewares/ST/ARM/DSP/Lib/libarm_cortexM4lf_math.a(arm_common_tables.o)